

================================================================
== Synthesis Summary Report of 'infer'
================================================================
+ General Information: 
    * Date:           Thu Mar 21 14:42:46 2024
    * Version:        2020.2 (Build 3064766 on Wed Nov 18 09:12:47 MST 2020)
    * Project:        VITIS_HLS_AXILITE
    * Solution:       solution1 (Vivado IP Flow Target)
    * Product family: zynquplus
    * Target device:  xczu3eg-sbva484-1-e
    

+ Performance & Resource Estimates: 
    
    PS: '+' for module; 'o' for loop; '*' for dataflow
    +-------------------------------------------------------+------+-------+---------+-----------+----------+---------+-------+----------+-----------+-----------+-------------+-------------+-----+
    |                        Modules                        | Issue|       | Latency |  Latency  | Iteration|         |  Trip |          |           |           |             |             |     |
    |                        & Loops                        | Type | Slack | (cycles)|    (ns)   |  Latency | Interval| Count | Pipelined|   BRAM    |    DSP    |      FF     |     LUT     | URAM|
    +-------------------------------------------------------+------+-------+---------+-----------+----------+---------+-------+----------+-----------+-----------+-------------+-------------+-----+
    |+ infer                                                |     -|  -0.01|   690501|  6.905e+06|         -|   690502|      -|        no|  351 (81%)|  237 (65%)|  23892 (16%)|  20095 (28%)|    -|
    | + grp_exp_40_32_s_fu_29750                            |    II|  -1.32|        3|     30.000|         -|        1|      -|       yes|    4 (~0%)|     8 (2%)|    540 (~0%)|    428 (~0%)|    -|
    | o VITIS_LOOP_261_1                                    |     -|  -7.30|     3630|  3.630e+04|        32|        1|   3600|       yes|          -|          -|            -|            -|    -|
    | o VITIS_LOOP_125_1                                    |     -|  -7.30|     7320|  7.320e+04|       122|        -|     60|        no|          -|          -|            -|            -|    -|
    |  o VITIS_LOOP_126_2                                   |     -|  -7.30|      120|  1.200e+03|         2|        -|     60|        no|          -|          -|            -|            -|    -|
    | o conv2d1_conv2d2                                     |     -|  -7.30|   282576|  2.826e+06|        84|        -|   3364|        no|          -|          -|            -|            -|    -|
    |  o conv2d3_1                                          |     -|  -7.30|       33|    330.000|         2|        1|     32|       yes|          -|          -|            -|            -|    -|
    |  o conv2d4_conv2d5                                    |     -|  -7.30|       12|    120.000|         5|        1|      9|       yes|          -|          -|            -|            -|    -|
    |  o conv2d3_3                                          |     -|  -7.30|       32|    320.000|         1|        1|     32|       yes|          -|          -|            -|            -|    -|
    | o max_pooling2d1_max_pooling2d2_max_pooling2d3        |     -|  -7.30|    26914|  2.691e+05|         4|        1|  26912|       yes|          -|          -|            -|            -|    -|
    | o conv2d1_conv2d2                                     |     -|  -7.30|   266814|  2.668e+06|       366|        -|    729|        no|          -|          -|            -|            -|    -|
    |  o conv2d3_1                                          |     -|  -7.30|       33|    330.000|         2|        1|     32|       yes|          -|          -|            -|            -|    -|
    |  o conv2d3_2_conv2d4_conv2d5                          |     -|  -7.30|      294|  2.940e+03|         8|        1|    288|       yes|          -|          -|            -|            -|    -|
    |  o conv2d3_3                                          |     -|  -7.30|       32|    320.000|         1|        1|     32|       yes|          -|          -|            -|            -|    -|
    | o max_pooling2d1_max_pooling2d2_max_pooling2d3        |     -|  -7.30|     5410|  5.410e+04|         4|        1|   5408|       yes|          -|          -|            -|            -|    -|
    | o conv2d1_conv2d2                                     |     -|  -7.30|    44286|  4.429e+05|       366|        -|    121|        no|          -|          -|            -|            -|    -|
    |  o conv2d3_1                                          |     -|  -7.30|       33|    330.000|         2|        1|     32|       yes|          -|          -|            -|            -|    -|
    |  o conv2d3_2_conv2d4_conv2d5                          |     -|  -7.30|      294|  2.940e+03|         8|        1|    288|       yes|          -|          -|            -|            -|    -|
    |  o conv2d3_3                                          |     -|  -7.30|       32|    320.000|         1|        1|     32|       yes|          -|          -|            -|            -|    -|
    | o max_pooling2d1_max_pooling2d2_max_pooling2d3        |     -|  -7.30|      801|  8.010e+03|         3|        1|    800|       yes|          -|          -|            -|            -|    -|
    | o VITIS_LOOP_113_1_VITIS_LOOP_114_2_VITIS_LOOP_115_3  |     -|  -7.30|      800|  8.000e+03|         2|        1|    800|       yes|          -|          -|            -|            -|    -|
    | o dense_relu1                                         |     -|  -7.30|    51648|  5.165e+05|       807|        -|     64|        no|          -|          -|            -|            -|    -|
    |  o dense_relu2                                        |     -|  -7.30|      803|  8.030e+03|         5|        1|    800|       yes|          -|          -|            -|            -|    -|
    | o dense_relu1                                         |     -|  -7.30|       98|    980.000|        68|        1|     32|       yes|          -|          -|            -|            -|    -|
    | o dense_relu1                                         |     -|  -7.30|       50|    500.000|        36|        1|     16|       yes|          -|          -|            -|            -|    -|
    | o dense1                                              |     -|  -7.30|        6|     60.000|         4|        1|      4|       yes|          -|          -|            -|            -|    -|
    | o softmax1_1                                          |     -|  -7.30|        7|     70.000|         5|        1|      4|       yes|          -|          -|            -|            -|    -|
    | o softmax1_2                                          |     -|  -7.30|       54|    540.000|        52|        1|      4|       yes|          -|          -|            -|            -|    -|
    | o VITIS_LOOP_346_2                                    |     -|  -7.30|        4|     40.000|         1|        1|      4|       yes|          -|          -|            -|            -|    -|
    +-------------------------------------------------------+------+-------+---------+-----------+----------+---------+-------+----------+-----------+-----------+-------------+-------------+-----+

