

================================================================
== Synthesis Summary Report of 'infer'
================================================================
+ General Information: 
    * Date:           Sat Jan 13 17:06:44 2024
    * Version:        2020.2 (Build 3064766 on Wed Nov 18 09:12:47 MST 2020)
    * Project:        cnn_unoptimized
    * Solution:       solution1 (Vivado IP Flow Target)
    * Product family: zynquplus
    * Target device:  xczu3eg-sbva484-1-e
    

+ Performance & Resource Estimates: 
    
    PS: '+' for module; 'o' for loop; '*' for dataflow
    +-------------------------------------------------------+------+-------+---------+-----------+----------+---------+-------+----------+-----------+-----------+-------------+-------------+-----+
    |                        Modules                        | Issue|       | Latency |  Latency  | Iteration|         |  Trip |          |           |           |             |             |     |
    |                        & Loops                        | Type | Slack | (cycles)|    (ns)   |  Latency | Interval| Count | Pipelined|   BRAM    |    DSP    |      FF     |     LUT     | URAM|
    +-------------------------------------------------------+------+-------+---------+-----------+----------+---------+-------+----------+-----------+-----------+-------------+-------------+-----+
    |+ infer                                                |     -|  -0.01|  9242410|  9.242e+07|         -|  9242411|      -|        no|  339 (78%)|  240 (66%)|  21259 (15%)|  19528 (27%)|    -|
    | + grp_exp_40_32_s_fu_5955                             |    II|  -1.32|        3|     30.000|         -|        1|      -|       yes|    4 (~0%)|     8 (2%)|    540 (~0%)|    428 (~0%)|    -|
    | o get_input1                                          |    II|  -7.30|     1829|  1.829e+04|        32|        2|    900|       yes|          -|          -|            -|            -|    -|
    | o VITIS_LOOP_121_1                                    |     -|  -7.30|     7320|  7.320e+04|       122|        -|     60|        no|          -|          -|            -|            -|    -|
    |  o VITIS_LOOP_122_2                                   |     -|  -7.30|      120|  1.200e+03|         2|        -|     60|        no|          -|          -|            -|            -|    -|
    | o conv2d1_conv2d2                                     |     -|  -7.30|  1217768|  1.218e+07|       362|        -|   3364|        no|          -|          -|            -|            -|    -|
    |  o conv2d3_1                                          |     -|  -7.30|       32|    320.000|         2|        1|     32|       yes|          -|          -|            -|            -|    -|
    |  o conv2d4_conv2d5                                    |    II|  -7.30|      288|  2.880e+03|        32|       32|      9|       yes|          -|          -|            -|            -|    -|
    |  o conv2d3_3                                          |     -|  -7.30|       32|    320.000|         2|        1|     32|       yes|          -|          -|            -|            -|    -|
    | o max_pooling2d1_max_pooling2d2_max_pooling2d3        |    II|  -7.30|    53825|  5.382e+05|         4|        2|  26912|       yes|          -|          -|            -|            -|    -|
    | o conv2d1_conv2d2                                     |     -|  -7.30|  6772410|  6.772e+07|      9290|        -|    729|        no|          -|          -|            -|            -|    -|
    |  o conv2d3_1                                          |     -|  -7.30|       32|    320.000|         2|        1|     32|       yes|          -|          -|            -|            -|    -|
    |  o conv2d3_2_conv2d4_conv2d5                          |    II|  -7.30|     9216|  9.216e+04|        32|       32|    288|       yes|          -|          -|            -|            -|    -|
    |  o conv2d3_3                                          |     -|  -7.30|       32|    320.000|         2|        1|     32|       yes|          -|          -|            -|            -|    -|
    | o max_pooling2d1_max_pooling2d2_max_pooling2d3        |    II|  -7.30|    10817|  1.082e+05|         4|        2|   5408|       yes|          -|          -|            -|            -|    -|
    | o conv2d1_conv2d2                                     |     -|  -7.30|  1124090|  1.124e+07|      9290|        -|    121|        no|          -|          -|            -|            -|    -|
    |  o conv2d3_1                                          |     -|  -7.30|       32|    320.000|         2|        1|     32|       yes|          -|          -|            -|            -|    -|
    |  o conv2d3_2_conv2d4_conv2d5                          |    II|  -7.30|     9216|  9.216e+04|        32|       32|    288|       yes|          -|          -|            -|            -|    -|
    |  o conv2d3_3                                          |     -|  -7.30|       32|    320.000|         2|        1|     32|       yes|          -|          -|            -|            -|    -|
    | o max_pooling2d1_max_pooling2d2_max_pooling2d3        |    II|  -7.30|     1600|  1.600e+04|         3|        2|    800|       yes|          -|          -|            -|            -|    -|
    | o VITIS_LOOP_109_1_VITIS_LOOP_110_2_VITIS_LOOP_111_3  |     -|  -7.30|      800|  8.000e+03|         2|        1|    800|       yes|          -|          -|            -|            -|    -|
    | o dense_relu1                                         |     -|  -7.30|    51648|  5.165e+05|       807|        -|     64|        no|          -|          -|            -|            -|    -|
    |  o dense_relu2                                        |     -|  -7.30|      803|  8.030e+03|         5|        1|    800|       yes|          -|          -|            -|            -|    -|
    | o dense_relu1                                         |     -|  -7.30|       98|    980.000|        68|        1|     32|       yes|          -|          -|            -|            -|    -|
    | o dense_relu1                                         |     -|  -7.30|       50|    500.000|        36|        1|     16|       yes|          -|          -|            -|            -|    -|
    | o dense1                                              |     -|  -7.30|        6|     60.000|         4|        1|      4|       yes|          -|          -|            -|            -|    -|
    | o softmax1_1                                          |     -|  -7.30|        7|     70.000|         5|        1|      4|       yes|          -|          -|            -|            -|    -|
    | o softmax1_2                                          |     -|  -7.30|       54|    540.000|        52|        1|      4|       yes|          -|          -|            -|            -|    -|
    | o send_result                                         |     -|  -7.30|        5|     50.000|         3|        1|      4|       yes|          -|          -|            -|            -|    -|
    +-------------------------------------------------------+------+-------+---------+-----------+----------+---------+-------+----------+-----------+-----------+-------------+-------------+-----+

