

================================================================
== Vitis HLS Report for 'conv2d_1'
================================================================
* Date:           Sat Dec 23 21:26:50 2023

* Version:        2020.2 (Build 3064766 on Wed Nov 18 09:12:47 MST 2020)
* Project:        cnn
* Solution:       solution1 (Vivado IP Flow Target)
* Product family: zynquplus
* Target device:  xczu3eg-sbva484-1-e


================================================================
== Performance Estimates
================================================================
+ Timing: 
    * Summary: 
    +--------+----------+-----------+------------+
    |  Clock |  Target  | Estimated | Uncertainty|
    +--------+----------+-----------+------------+
    |ap_clk  |  10.00 ns|  12.036 ns|     2.70 ns|
    +--------+----------+-----------+------------+

+ Latency: 
    * Summary: 
    +----------+----------+-----------+-----------+----------+----------+---------+
    |   Latency (cycles)  |   Latency (absolute)  |       Interval      | Pipeline|
    |    min   |    max   |    min    |    max    |    min   |    max   |   Type  |
    +----------+----------+-----------+-----------+----------+----------+---------+
    |  37371480|  37371480|  0.450 sec|  0.450 sec|  37371480|  37371480|     none|
    +----------+----------+-----------+-----------+----------+----------+---------+

    + Detail: 
        * Instance: 
        N/A

        * Loop: 
        +-------------------------------------------------------------------+----------+----------+----------+-----------+-----------+--------+----------+
        |                                                                   |   Latency (cycles)  | Iteration|  Initiation Interval  |  Trip  |          |
        |                             Loop Name                             |    min   |    max   |  Latency |  achieved |   target  |  Count | Pipelined|
        +-------------------------------------------------------------------+----------+----------+----------+-----------+-----------+--------+----------+
        |- VITIS_LOOP_67_1_VITIS_LOOP_73_3_VITIS_LOOP_76_4_VITIS_LOOP_79_5  |  37161507|  37161507|       177|          -|          -|  209952|        no|
        | + VITIS_LOOP_82_6                                                 |       151|       151|        28|          4|          1|      32|       yes|
        |- VITIS_LOOP_104_7_VITIS_LOOP_107_8_VITIS_LOOP_110_9               |    209970|    209970|        28|          9|          1|   23328|       yes|
        +-------------------------------------------------------------------+----------+----------+----------+-----------+-----------+--------+----------+



================================================================
== Utilization Estimates
================================================================
* Summary: 
+-----------------+---------+-----+--------+-------+-----+
|       Name      | BRAM_18K| DSP |   FF   |  LUT  | URAM|
+-----------------+---------+-----+--------+-------+-----+
|DSP              |        -|    6|       -|      -|    -|
|Expression       |        -|    -|       0|   1080|    -|
|FIFO             |        -|    -|       -|      -|    -|
|Instance         |        -|    0|    1342|   1027|    -|
|Memory           |       19|    -|       0|      0|    -|
|Multiplexer      |        -|    -|       -|   3848|    -|
|Register         |        -|    -|    2081|    160|    -|
+-----------------+---------+-----+--------+-------+-----+
|Total            |       19|    6|    3423|   6115|    0|
+-----------------+---------+-----+--------+-------+-----+
|Available        |      432|  360|  141120|  70560|    0|
+-----------------+---------+-----+--------+-------+-----+
|Utilization (%)  |        4|    1|       2|      8|    0|
+-----------------+---------+-----+--------+-------+-----+

+ Detail: 
    * Instance: 
    +---------------------------------+----------------------------+---------+----+-----+-----+-----+
    |             Instance            |           Module           | BRAM_18K| DSP|  FF | LUT | URAM|
    +---------------------------------+----------------------------+---------+----+-----+-----+-----+
    |mul_5ns_6ns_10_1_1_U449          |mul_5ns_6ns_10_1_1          |        0|   0|    0|   23|    0|
    |mul_5ns_6ns_10_1_1_U450          |mul_5ns_6ns_10_1_1          |        0|   0|    0|   23|    0|
    |mul_5ns_6ns_10_1_1_U452          |mul_5ns_6ns_10_1_1          |        0|   0|    0|   23|    0|
    |mul_5ns_6ns_10_1_1_U454          |mul_5ns_6ns_10_1_1          |        0|   0|    0|   23|    0|
    |mul_5ns_6ns_10_1_1_U455          |mul_5ns_6ns_10_1_1          |        0|   0|    0|   23|    0|
    |urem_15ns_10ns_15_19_1_U453      |urem_15ns_10ns_15_19_1      |        0|   0|  576|  413|    0|
    |urem_15ns_10ns_15_19_1_U456      |urem_15ns_10ns_15_19_1      |        0|   0|  576|  413|    0|
    |urem_15ns_10ns_15_19_seq_1_U451  |urem_15ns_10ns_15_19_seq_1  |        0|   0|  190|   86|    0|
    +---------------------------------+----------------------------+---------+----+-----+-----+-----+
    |Total                            |                            |        0|   0| 1342| 1027|    0|
    +---------------------------------+----------------------------+---------+----+-----+-----+-----+

    * DSP: 
    +------------------------------------+-------------------------------+--------------+
    |              Instance              |             Module            |  Expression  |
    +------------------------------------+-------------------------------+--------------+
    |mac_muladd_5ns_6ns_5ns_10_4_1_U457  |mac_muladd_5ns_6ns_5ns_10_4_1  |  i0 * i1 + i2|
    |mac_muladd_5ns_6ns_5ns_10_4_1_U458  |mac_muladd_5ns_6ns_5ns_10_4_1  |  i0 * i1 + i2|
    |mac_muladd_5ns_6ns_5ns_10_4_1_U459  |mac_muladd_5ns_6ns_5ns_10_4_1  |  i0 * i1 + i2|
    |mul_mul_15ns_17ns_31_4_1_U460       |mul_mul_15ns_17ns_31_4_1       |       i0 * i1|
    |mul_mul_15ns_17ns_31_4_1_U461       |mul_mul_15ns_17ns_31_4_1       |       i0 * i1|
    |mul_mul_15ns_17ns_31_4_1_U462       |mul_mul_15ns_17ns_31_4_1       |       i0 * i1|
    +------------------------------------+-------------------------------+--------------+

    * Memory: 
    +-------------------+--------------------------+---------+---+----+-----+------+-----+------+-------------+
    |       Memory      |          Module          | BRAM_18K| FF| LUT| URAM| Words| Bits| Banks| W*Bits*Banks|
    +-------------------+--------------------------+---------+---+----+-----+------+-----+------+-------------+
    |layer_4_bias_U     |conv2d_1_layer_4_bias     |        1|  0|   0|    0|    32|   32|     1|         1024|
    |layer_4_weights_U  |conv2d_1_layer_4_weights  |       18|  0|   0|    0|  9216|   32|     1|       294912|
    +-------------------+--------------------------+---------+---+----+-----+------+-----+------+-------------+
    |Total              |                          |       19|  0|   0|    0|  9248|   64|     2|       295936|
    +-------------------+--------------------------+---------+---+----+-----+------+-----+------+-------------+

    * FIFO: 
    N/A

    * Expression: 
    +-------------------------------------------+----------+----+---+----+------------+------------+
    |               Variable Name               | Operation| DSP| FF| LUT| Bitwidth P0| Bitwidth P1|
    +-------------------------------------------+----------+----+---+----+------------+------------+
    |add13_mid1127_fu_4050_p2                   |         +|   0|  0|  17|          10|           1|
    |add_fu_3530_p2                             |         +|   0|  0|  12|           5|           5|
    |add_ln104_2_fu_4436_p2                     |         +|   0|  0|  12|           5|           1|
    |add_ln104_fu_4391_p2                       |         +|   0|  0|  22|          15|           1|
    |add_ln107_2_fu_4592_p2                     |         +|   0|  0|  18|          11|           1|
    |add_ln110_fu_4598_p2                       |         +|   0|  0|  13|           6|           1|
    |add_ln113_fu_4567_p2                       |         +|   0|  0|  22|          15|          15|
    |add_ln67_fu_3544_p2                        |         +|   0|  0|  25|          18|           1|
    |add_ln70_2_fu_4368_p2                      |         +|   0|  0|  21|          14|           1|
    |add_ln73_fu_4355_p2                        |         +|   0|  0|  16|           9|           1|
    |add_ln76_fu_4342_p2                        |         +|   0|  0|  15|           8|           1|
    |add_ln79_fu_4337_p2                        |         +|   0|  0|  13|           6|           1|
    |add_ln82_fu_4207_p2                        |         +|   0|  0|  13|           6|           1|
    |add_ln88_fu_4223_p2                        |         +|   0|  0|  22|          15|          15|
    |add_ln92_fu_4259_p2                        |         +|   0|  0|  21|          14|          14|
    |add_mid143_fu_3801_p2                      |         +|   0|  0|  12|           5|           2|
    |add_mid1_fu_3881_p2                        |         +|   0|  0|  12|           5|           5|
    |i_12_fu_3637_p2                            |         +|   0|  0|  12|           5|           1|
    |ii_10_fu_3745_p2                           |         +|   0|  0|  12|           5|           1|
    |ii_11_fu_4491_p2                           |         +|   0|  0|  12|           5|           1|
    |mul1227_fu_3626_p2                         |         +|   0|  0|  17|          10|          10|
    |mul1227_mid119_fu_4079_p2                  |         +|   0|  0|  17|          10|           2|
    |mul1227_mid173_fu_4068_p2                  |         +|   0|  0|  17|          10|           2|
    |mul1227_mid1_fu_4087_p2                    |         +|   0|  0|  17|          10|          10|
    |mul2345_fu_3631_p2                         |         +|   0|  0|  12|           4|           4|
    |mul2345_mid1_fu_3995_p2                    |         +|   0|  0|  12|           4|           4|
    |mul4351_fu_3574_p2                         |         +|   0|  0|  17|          10|          10|
    |mul4351_mid1107_fu_3681_p2                 |         +|   0|  0|  17|          10|           6|
    |mul4351_mid1_fu_3787_p2                    |         +|   0|  0|  17|          10|          10|
    |mul74111_fu_4411_p2                        |         +|   0|  0|  17|          10|          10|
    |mul74111_mid1184_fu_4459_p2                |         +|   0|  0|  17|          10|           6|
    |mul74111_mid1_fu_4525_p2                   |         +|   0|  0|  17|          10|          10|
    |tmp1_fu_3608_p2                            |         +|   0|  0|   7|           4|           1|
    |tmp1_mid1_fu_3919_p2                       |         +|   0|  0|  12|           4|           1|
    |tmp3_fu_4401_p2                            |         +|   0|  0|  13|           6|           6|
    |tmp3_mid1_fu_4515_p2                       |         +|   0|  0|  13|           6|           6|
    |tmp_fu_3564_p2                             |         +|   0|  0|  13|           6|           6|
    |tmp_mid1_fu_3777_p2                        |         +|   0|  0|  13|           6|           6|
    |v_1_dup_fu_3851_p2                         |         +|   0|  0|  10|           3|           1|
    |v_1_fu_3580_p2                             |         +|   0|  0|  10|           3|           1|
    |v_1_mid1_fu_3891_p2                        |         +|   0|  0|  10|           3|           2|
    |vi_1_dup_fu_3961_p2                        |         +|   0|  0|  10|           3|           1|
    |mul21_fu_3602_p2                           |         -|   0|  0|   7|           4|           4|
    |mul21_mid1_fu_3913_p2                      |         -|   0|  0|  12|           4|           4|
    |and_ln104_fu_4477_p2                       |       and|   0|  0|   2|           1|           1|
    |and_ln49_fu_4717_p2                        |       and|   0|  0|   2|           1|           1|
    |and_ln67_3_fu_3719_p2                      |       and|   0|  0|   2|           1|           1|
    |and_ln67_4_fu_3731_p2                      |       and|   0|  0|   2|           1|           1|
    |and_ln67_fu_3707_p2                        |       and|   0|  0|   2|           1|           1|
    |and_ln73_fu_3947_p2                        |       and|   0|  0|   2|           1|           1|
    |exitcond_flatten_mid284_fu_3845_p2         |       and|   0|  0|   2|           1|           1|
    |icmp_ln79_mid282_fu_3839_p2                |       and|   0|  0|   2|           1|           1|
    |icmp_ln104_fu_4416_p2                      |      icmp|   0|  0|  12|          15|          15|
    |icmp_ln107_fu_4422_p2                      |      icmp|   0|  0|  11|          11|          10|
    |icmp_ln110_fu_4471_p2                      |      icmp|   0|  0|  10|           6|           7|
    |icmp_ln49_7_fu_4705_p2                     |      icmp|   0|  0|  16|          23|           1|
    |icmp_ln49_fu_4699_p2                       |      icmp|   0|  0|  11|           8|           2|
    |icmp_ln67_fu_3643_p2                       |      icmp|   0|  0|  13|          18|          17|
    |icmp_ln70_fu_3649_p2                       |      icmp|   0|  0|  12|          14|          13|
    |icmp_ln73_fu_3725_p2                       |      icmp|   0|  0|  11|           9|           9|
    |icmp_ln76_fu_3713_p2                       |      icmp|   0|  0|  11|           8|           7|
    |icmp_ln79_fu_3701_p2                       |      icmp|   0|  0|  10|           6|           7|
    |icmp_ln82_fu_4213_p2                       |      icmp|   0|  0|  10|           6|           7|
    |empty_86_fu_3751_p2                        |        or|   0|  0|   2|           1|           1|
    |not_exitcond_flatten31_mid2156_fu_3833_p2  |        or|   0|  0|   2|           1|           1|
    |or_ln107_fu_4497_p2                        |        or|   0|  0|   2|           1|           1|
    |or_ln49_fu_4711_p2                         |        or|   0|  0|   2|           1|           1|
    |or_ln73_2_fu_3863_p2                       |        or|   0|  0|   2|           1|           1|
    |or_ln73_fu_3857_p2                         |        or|   0|  0|   2|           1|           1|
    |or_ln76_2_fu_3973_p2                       |        or|   0|  0|   2|           1|           1|
    |or_ln76_fu_3967_p2                         |        or|   0|  0|   2|           1|           1|
    |add13_mid258_fu_4062_p3                    |    select|   0|  0|   9|           1|          10|
    |empty_89_fu_4099_p3                        |    select|   0|  0|   9|           1|          10|
    |ii_cast4_mid2_fu_3765_p3                   |    select|   0|  0|   5|           1|           5|
    |mul2345_mid280_fu_3819_p3                  |    select|   0|  0|   4|           1|           1|
    |mul4351_mid2_fu_3793_p3                    |    select|   0|  0|   9|           1|          10|
    |select_ln104_4_fu_4452_p3                  |    select|   0|  0|   9|           1|          10|
    |select_ln104_5_fu_4483_p3                  |    select|   0|  0|   5|           1|           5|
    |select_ln104_6_fu_4531_p3                  |    select|   0|  0|   9|           1|          10|
    |select_ln104_fu_4428_p3                    |    select|   0|  0|   5|           1|           1|
    |select_ln107_4_fu_4539_p3                  |    select|   0|  0|   9|           1|          10|
    |select_ln107_5_fu_4555_p3                  |    select|   0|  0|   5|           1|           5|
    |select_ln107_6_fu_4603_p3                  |    select|   0|  0|  10|           1|           1|
    |select_ln107_fu_4503_p3                    |    select|   0|  0|   6|           1|           1|
    |select_ln49_fu_4723_p3                     |    select|   0|  0|  32|           1|           1|
    |select_ln67_10_fu_4093_p3                  |    select|   0|  0|   9|           1|          10|
    |select_ln67_6_fu_3673_p3                   |    select|   0|  0|   9|           1|          10|
    |select_ln67_7_fu_3687_p3                   |    select|   0|  0|   9|           1|          10|
    |select_ln67_8_fu_4056_p3                   |    select|   0|  0|   9|           1|          10|
    |select_ln67_9_fu_3737_p3                   |    select|   0|  0|   5|           1|           5|
    |select_ln67_fu_3655_p3                     |    select|   0|  0|   5|           1|           1|
    |select_ln70_fu_4374_p3                     |    select|   0|  0|  14|           1|           1|
    |select_ln73_10_fu_3953_p3                  |    select|   0|  0|   3|           1|           3|
    |select_ln73_11_fu_4106_p3                  |    select|   0|  0|   9|           1|          10|
    |select_ln73_12_fu_4361_p3                  |    select|   0|  0|   8|           1|           1|
    |select_ln73_7_fu_4073_p3                   |    select|   0|  0|   9|           1|          10|
    |select_ln73_8_fu_3925_p3                   |    select|   0|  0|   4|           1|           4|
    |select_ln73_9_fu_3933_p3                   |    select|   0|  0|   4|           1|           4|
    |select_ln73_fu_3869_p3                     |    select|   0|  0|   3|           1|           2|
    |select_ln76_5_fu_4113_p3                   |    select|   0|  0|   9|           1|          10|
    |select_ln76_6_fu_4001_p3                   |    select|   0|  0|   4|           1|           4|
    |select_ln76_7_fu_4009_p3                   |    select|   0|  0|   3|           1|           3|
    |select_ln76_8_fu_4348_p3                   |    select|   0|  0|   8|           1|           1|
    |select_ln76_fu_3979_p3                     |    select|   0|  0|   6|           1|           1|
    |tmp1_mid260_fu_3811_p3                     |    select|   0|  0|   4|           1|           1|
    |v_mid237_fu_3757_p3                        |    select|   0|  0|   3|           1|           2|
    |ap_enable_pp0                              |       xor|   0|  0|   2|           1|           2|
    |ap_enable_pp1                              |       xor|   0|  0|   2|           1|           2|
    |exitcond_flatten31_not_fu_3827_p2          |       xor|   0|  0|   2|           1|           2|
    |xor_ln104_fu_4465_p2                       |       xor|   0|  0|   2|           1|           2|
    |xor_ln67_fu_3695_p2                        |       xor|   0|  0|   2|           1|           2|
    |xor_ln73_fu_3941_p2                        |       xor|   0|  0|   2|           1|           2|
    +-------------------------------------------+----------+----+---+----+------------+------------+
    |Total                                      |          |   0|  0|1080|         523|         499|
    +-------------------------------------------+----------+----+---+----+------------+------------+

    * Multiplexer: 
    +---------------------------------------------+-----+-----------+-----+-----------+
    |                     Name                    | LUT | Input Size| Bits| Total Bits|
    +---------------------------------------------+-----+-----------+-----+-----------+
    |add5135_reg_3040                             |    9|          2|   32|         64|
    |ap_NS_fsm                                    |  183|         41|    1|         41|
    |ap_enable_reg_pp0_iter6                      |    9|          2|    1|          2|
    |ap_enable_reg_pp1_iter3                      |    9|          2|    1|          2|
    |ap_phi_mux_add5135_ph_phi_fu_2834_p128       |  284|         65|   32|       2080|
    |ap_phi_mux_add5135_phi_fu_3107_p4            |    9|          2|   32|         64|
    |ap_phi_mux_i_9_phi_fu_3317_p4                |    9|          2|    5|         10|
    |ap_phi_mux_ii_2_phi_fu_3352_p4               |    9|          2|    5|         10|
    |ap_phi_mux_iii_phi_fu_3363_p4                |    9|          2|    6|         12|
    |ap_phi_mux_indvar_flatten165_phi_fu_3340_p4  |    9|          2|   11|         22|
    |ap_phi_mux_indvar_flatten192_phi_fu_3329_p4  |    9|          2|   15|         30|
    |ap_phi_mux_iv_phi_fu_3033_p4                 |    9|          2|    6|         12|
    |ap_phi_mux_phi_ln88_phi_fu_3118_p128         |  284|         65|   32|       2080|
    |ap_phi_reg_pp1_iter2_phi_ln115_reg_3370      |  284|         65|   32|       2080|
    |grp_fu_3504_p0                               |   14|          3|   32|         96|
    |grp_fu_3504_p1                               |   14|          3|   32|         96|
    |i_9_reg_3313                                 |    9|          2|    5|         10|
    |i_reg_2726                                   |    9|          2|    5|         10|
    |ii_2_reg_3348                                |    9|          2|    5|         10|
    |ii_reg_2750                                  |    9|          2|    5|         10|
    |iii_1_reg_2820                               |    9|          2|    6|         12|
    |iii_reg_3359                                 |    9|          2|    6|         12|
    |indvar_flatten157_reg_2762                   |    9|          2|   18|         36|
    |indvar_flatten165_reg_3336                   |    9|          2|   11|         22|
    |indvar_flatten192_reg_3325                   |    9|          2|   15|         30|
    |indvar_flatten29_reg_2785                    |    9|          2|    9|         18|
    |indvar_flatten85_reg_2773                    |    9|          2|   14|         28|
    |indvar_flatten_reg_2797                      |    9|          2|    8|         16|
    |iv_reg_3029                                  |    9|          2|    6|         12|
    |output_0_address0                            |   26|          5|    9|         45|
    |output_0_d0                                  |   14|          3|   32|         96|
    |output_10_address0                           |   26|          5|    9|         45|
    |output_10_d0                                 |   14|          3|   32|         96|
    |output_11_address0                           |   26|          5|    9|         45|
    |output_11_d0                                 |   14|          3|   32|         96|
    |output_12_address0                           |   26|          5|    9|         45|
    |output_12_d0                                 |   14|          3|   32|         96|
    |output_13_address0                           |   26|          5|    9|         45|
    |output_13_d0                                 |   14|          3|   32|         96|
    |output_14_address0                           |   26|          5|    9|         45|
    |output_14_d0                                 |   14|          3|   32|         96|
    |output_15_address0                           |   26|          5|    9|         45|
    |output_15_d0                                 |   14|          3|   32|         96|
    |output_16_address0                           |   26|          5|    9|         45|
    |output_16_d0                                 |   14|          3|   32|         96|
    |output_17_address0                           |   26|          5|    9|         45|
    |output_17_d0                                 |   14|          3|   32|         96|
    |output_18_address0                           |   26|          5|    9|         45|
    |output_18_d0                                 |   14|          3|   32|         96|
    |output_19_address0                           |   26|          5|    9|         45|
    |output_19_d0                                 |   14|          3|   32|         96|
    |output_1_address0                            |   26|          5|    9|         45|
    |output_1_d0                                  |   14|          3|   32|         96|
    |output_20_address0                           |   26|          5|    9|         45|
    |output_20_d0                                 |   14|          3|   32|         96|
    |output_21_address0                           |   26|          5|    9|         45|
    |output_21_d0                                 |   14|          3|   32|         96|
    |output_22_address0                           |   26|          5|    9|         45|
    |output_22_d0                                 |   14|          3|   32|         96|
    |output_23_address0                           |   26|          5|    9|         45|
    |output_23_d0                                 |   14|          3|   32|         96|
    |output_24_address0                           |   26|          5|    9|         45|
    |output_24_d0                                 |   14|          3|   32|         96|
    |output_25_address0                           |   26|          5|    9|         45|
    |output_25_d0                                 |   14|          3|   32|         96|
    |output_26_address0                           |   26|          5|    9|         45|
    |output_26_d0                                 |   14|          3|   32|         96|
    |output_27_address0                           |   26|          5|    9|         45|
    |output_27_d0                                 |   14|          3|   32|         96|
    |output_28_address0                           |   26|          5|    9|         45|
    |output_28_d0                                 |   14|          3|   32|         96|
    |output_29_address0                           |   26|          5|    9|         45|
    |output_29_d0                                 |   14|          3|   32|         96|
    |output_2_address0                            |   26|          5|    9|         45|
    |output_2_d0                                  |   14|          3|   32|         96|
    |output_30_address0                           |   26|          5|    9|         45|
    |output_30_d0                                 |   14|          3|   32|         96|
    |output_31_address0                           |   26|          5|    9|         45|
    |output_31_d0                                 |   14|          3|   32|         96|
    |output_32_address0                           |   26|          5|    9|         45|
    |output_32_d0                                 |   14|          3|   32|         96|
    |output_33_address0                           |   26|          5|    9|         45|
    |output_33_d0                                 |   14|          3|   32|         96|
    |output_34_address0                           |   26|          5|    9|         45|
    |output_34_d0                                 |   14|          3|   32|         96|
    |output_35_address0                           |   26|          5|    9|         45|
    |output_35_d0                                 |   14|          3|   32|         96|
    |output_36_address0                           |   26|          5|    9|         45|
    |output_36_d0                                 |   14|          3|   32|         96|
    |output_37_address0                           |   26|          5|    9|         45|
    |output_37_d0                                 |   14|          3|   32|         96|
    |output_38_address0                           |   26|          5|    9|         45|
    |output_38_d0                                 |   14|          3|   32|         96|
    |output_39_address0                           |   26|          5|    9|         45|
    |output_39_d0                                 |   14|          3|   32|         96|
    |output_3_address0                            |   26|          5|    9|         45|
    |output_3_d0                                  |   14|          3|   32|         96|
    |output_40_address0                           |   26|          5|    9|         45|
    |output_40_d0                                 |   14|          3|   32|         96|
    |output_41_address0                           |   26|          5|    9|         45|
    |output_41_d0                                 |   14|          3|   32|         96|
    |output_42_address0                           |   26|          5|    9|         45|
    |output_42_d0                                 |   14|          3|   32|         96|
    |output_43_address0                           |   26|          5|    9|         45|
    |output_43_d0                                 |   14|          3|   32|         96|
    |output_44_address0                           |   26|          5|    9|         45|
    |output_44_d0                                 |   14|          3|   32|         96|
    |output_45_address0                           |   26|          5|    9|         45|
    |output_45_d0                                 |   14|          3|   32|         96|
    |output_46_address0                           |   26|          5|    9|         45|
    |output_46_d0                                 |   14|          3|   32|         96|
    |output_47_address0                           |   26|          5|    9|         45|
    |output_47_d0                                 |   14|          3|   32|         96|
    |output_48_address0                           |   26|          5|    9|         45|
    |output_48_d0                                 |   14|          3|   32|         96|
    |output_49_address0                           |   26|          5|    9|         45|
    |output_49_d0                                 |   14|          3|   32|         96|
    |output_4_address0                            |   26|          5|    9|         45|
    |output_4_d0                                  |   14|          3|   32|         96|
    |output_50_address0                           |   26|          5|    9|         45|
    |output_50_d0                                 |   14|          3|   32|         96|
    |output_51_address0                           |   26|          5|    9|         45|
    |output_51_d0                                 |   14|          3|   32|         96|
    |output_52_address0                           |   26|          5|    9|         45|
    |output_52_d0                                 |   14|          3|   32|         96|
    |output_53_address0                           |   26|          5|    9|         45|
    |output_53_d0                                 |   14|          3|   32|         96|
    |output_54_address0                           |   26|          5|    9|         45|
    |output_54_d0                                 |   14|          3|   32|         96|
    |output_55_address0                           |   26|          5|    9|         45|
    |output_55_d0                                 |   14|          3|   32|         96|
    |output_56_address0                           |   26|          5|    9|         45|
    |output_56_d0                                 |   14|          3|   32|         96|
    |output_57_address0                           |   26|          5|    9|         45|
    |output_57_d0                                 |   14|          3|   32|         96|
    |output_58_address0                           |   26|          5|    9|         45|
    |output_58_d0                                 |   14|          3|   32|         96|
    |output_59_address0                           |   26|          5|    9|         45|
    |output_59_d0                                 |   14|          3|   32|         96|
    |output_5_address0                            |   26|          5|    9|         45|
    |output_5_d0                                  |   14|          3|   32|         96|
    |output_60_address0                           |   26|          5|    9|         45|
    |output_60_d0                                 |   14|          3|   32|         96|
    |output_61_address0                           |   26|          5|    9|         45|
    |output_61_d0                                 |   14|          3|   32|         96|
    |output_62_address0                           |   26|          5|    9|         45|
    |output_62_d0                                 |   14|          3|   32|         96|
    |output_63_address0                           |   26|          5|    9|         45|
    |output_63_d0                                 |   14|          3|   32|         96|
    |output_6_address0                            |   26|          5|    9|         45|
    |output_6_d0                                  |   14|          3|   32|         96|
    |output_7_address0                            |   26|          5|    9|         45|
    |output_7_d0                                  |   14|          3|   32|         96|
    |output_8_address0                            |   26|          5|    9|         45|
    |output_8_d0                                  |   14|          3|   32|         96|
    |output_9_address0                            |   26|          5|    9|         45|
    |output_9_d0                                  |   14|          3|   32|         96|
    |v_reg_2738                                   |    9|          2|    3|          6|
    |vi_reg_2809                                  |    9|          2|    3|          6|
    +---------------------------------------------+-----+-----------+-----+-----------+
    |Total                                        | 3848|        804| 3018|      15963|
    +---------------------------------------------+-----+-----------+-----+-----------+

    * Register: 
    +-----------------------------------------+----+----+-----+-----------+
    |                   Name                  | FF | LUT| Bits| Const Bits|
    +-----------------------------------------+----+----+-----+-----------+
    |add13_reg_4865                           |  10|   0|   10|          0|
    |add16_mid2_reg_4994                      |  10|   0|   15|          5|
    |add5135_reg_3040                         |  32|   0|   32|          0|
    |add_ln104_reg_5713                       |  15|   0|   15|          0|
    |add_ln107_2_reg_5757                     |  11|   0|   11|          0|
    |add_ln110_reg_5762                       |   6|   0|    6|          0|
    |add_ln67_reg_4855                        |  18|   0|   18|          0|
    |add_ln82_reg_5324                        |   6|   0|    6|          0|
    |and_ln67_4_reg_4886                      |   1|   0|    1|          0|
    |and_ln73_reg_4934                        |   1|   0|    1|          0|
    |ap_CS_fsm                                |  40|   0|   40|          0|
    |ap_enable_reg_pp0_iter0                  |   1|   0|    1|          0|
    |ap_enable_reg_pp0_iter1                  |   1|   0|    1|          0|
    |ap_enable_reg_pp0_iter2                  |   1|   0|    1|          0|
    |ap_enable_reg_pp0_iter3                  |   1|   0|    1|          0|
    |ap_enable_reg_pp0_iter4                  |   1|   0|    1|          0|
    |ap_enable_reg_pp0_iter5                  |   1|   0|    1|          0|
    |ap_enable_reg_pp0_iter6                  |   1|   0|    1|          0|
    |ap_enable_reg_pp1_iter0                  |   1|   0|    1|          0|
    |ap_enable_reg_pp1_iter1                  |   1|   0|    1|          0|
    |ap_enable_reg_pp1_iter2                  |   1|   0|    1|          0|
    |ap_enable_reg_pp1_iter3                  |   1|   0|    1|          0|
    |ap_phi_reg_pp1_iter1_phi_ln115_reg_3370  |  32|   0|   32|          0|
    |ap_phi_reg_pp1_iter2_phi_ln115_reg_3370  |  32|   0|   32|          0|
    |arrayNo387_cast_reg_4990                 |   6|   0|    6|          0|
    |empty_86_reg_4902                        |   1|   0|    1|          0|
    |empty_88_reg_4950                        |   2|   0|    2|          0|
    |empty_91_reg_5707                        |  10|   0|   10|          0|
    |exitcond_flatten_mid284_reg_4918         |   1|   0|    1|          0|
    |i_9_reg_3313                             |   5|   0|    5|          0|
    |i_cast_reg_4860                          |   5|   0|   10|          5|
    |i_reg_2726                               |   5|   0|    5|          0|
    |icmp_ln104_reg_5718                      |   1|   0|    1|          0|
    |icmp_ln107_reg_5722                      |   1|   0|    1|          0|
    |icmp_ln70_reg_4879                       |   1|   0|    1|          0|
    |icmp_ln82_reg_5329                       |   1|   0|    1|          0|
    |ii_10_reg_4897                           |   5|   0|    5|          0|
    |ii_2_reg_3348                            |   5|   0|    5|          0|
    |ii_cast4_mid2_reg_4907                   |   5|   0|    5|          0|
    |ii_reg_2750                              |   5|   0|    5|          0|
    |iii_1_reg_2820                           |   6|   0|    6|          0|
    |iii_reg_3359                             |   6|   0|    6|          0|
    |indvar_flatten157_reg_2762               |  18|   0|   18|          0|
    |indvar_flatten165_reg_3336               |  11|   0|   11|          0|
    |indvar_flatten192_reg_3325               |  15|   0|   15|          0|
    |indvar_flatten29_reg_2785                |   9|   0|    9|          0|
    |indvar_flatten85_reg_2773                |  14|   0|   14|          0|
    |indvar_flatten_reg_2797                  |   8|   0|    8|          0|
    |iv_reg_3029                              |   6|   0|    6|          0|
    |layer_4_bias_load_reg_5777               |  32|   0|   32|          0|
    |layer_4_weights_load_reg_5357            |  32|   0|   32|          0|
    |mul1227_reg_4870                         |  10|   0|   10|          0|
    |mul1_reg_5682                            |  32|   0|   32|          0|
    |or_ln73_2_reg_4924                       |   1|   0|    1|          0|
    |output_0_addr_2_reg_5004                 |   9|   0|    9|          0|
    |output_0_addr_reg_5782                   |   9|   0|    9|          0|
    |output_10_addr_2_reg_5054                |   9|   0|    9|          0|
    |output_10_addr_reg_5832                  |   9|   0|    9|          0|
    |output_11_addr_2_reg_5059                |   9|   0|    9|          0|
    |output_11_addr_reg_5837                  |   9|   0|    9|          0|
    |output_12_addr_2_reg_5064                |   9|   0|    9|          0|
    |output_12_addr_reg_5842                  |   9|   0|    9|          0|
    |output_13_addr_2_reg_5069                |   9|   0|    9|          0|
    |output_13_addr_reg_5847                  |   9|   0|    9|          0|
    |output_14_addr_2_reg_5074                |   9|   0|    9|          0|
    |output_14_addr_reg_5852                  |   9|   0|    9|          0|
    |output_15_addr_2_reg_5079                |   9|   0|    9|          0|
    |output_15_addr_reg_5857                  |   9|   0|    9|          0|
    |output_16_addr_2_reg_5084                |   9|   0|    9|          0|
    |output_16_addr_reg_5862                  |   9|   0|    9|          0|
    |output_17_addr_2_reg_5089                |   9|   0|    9|          0|
    |output_17_addr_reg_5867                  |   9|   0|    9|          0|
    |output_18_addr_2_reg_5094                |   9|   0|    9|          0|
    |output_18_addr_reg_5872                  |   9|   0|    9|          0|
    |output_19_addr_2_reg_5099                |   9|   0|    9|          0|
    |output_19_addr_reg_5877                  |   9|   0|    9|          0|
    |output_1_addr_2_reg_5009                 |   9|   0|    9|          0|
    |output_1_addr_reg_5787                   |   9|   0|    9|          0|
    |output_20_addr_2_reg_5104                |   9|   0|    9|          0|
    |output_20_addr_reg_5882                  |   9|   0|    9|          0|
    |output_21_addr_2_reg_5109                |   9|   0|    9|          0|
    |output_21_addr_reg_5887                  |   9|   0|    9|          0|
    |output_22_addr_2_reg_5114                |   9|   0|    9|          0|
    |output_22_addr_reg_5892                  |   9|   0|    9|          0|
    |output_23_addr_2_reg_5119                |   9|   0|    9|          0|
    |output_23_addr_reg_5897                  |   9|   0|    9|          0|
    |output_24_addr_2_reg_5124                |   9|   0|    9|          0|
    |output_24_addr_reg_5902                  |   9|   0|    9|          0|
    |output_25_addr_2_reg_5129                |   9|   0|    9|          0|
    |output_25_addr_reg_5907                  |   9|   0|    9|          0|
    |output_26_addr_2_reg_5134                |   9|   0|    9|          0|
    |output_26_addr_reg_5912                  |   9|   0|    9|          0|
    |output_27_addr_2_reg_5139                |   9|   0|    9|          0|
    |output_27_addr_reg_5917                  |   9|   0|    9|          0|
    |output_28_addr_2_reg_5144                |   9|   0|    9|          0|
    |output_28_addr_reg_5922                  |   9|   0|    9|          0|
    |output_29_addr_2_reg_5149                |   9|   0|    9|          0|
    |output_29_addr_reg_5927                  |   9|   0|    9|          0|
    |output_2_addr_2_reg_5014                 |   9|   0|    9|          0|
    |output_2_addr_reg_5792                   |   9|   0|    9|          0|
    |output_30_addr_2_reg_5154                |   9|   0|    9|          0|
    |output_30_addr_reg_5932                  |   9|   0|    9|          0|
    |output_31_addr_2_reg_5159                |   9|   0|    9|          0|
    |output_31_addr_reg_5937                  |   9|   0|    9|          0|
    |output_32_addr_2_reg_5164                |   9|   0|    9|          0|
    |output_32_addr_reg_5942                  |   9|   0|    9|          0|
    |output_33_addr_2_reg_5169                |   9|   0|    9|          0|
    |output_33_addr_reg_5947                  |   9|   0|    9|          0|
    |output_34_addr_2_reg_5174                |   9|   0|    9|          0|
    |output_34_addr_reg_5952                  |   9|   0|    9|          0|
    |output_35_addr_2_reg_5179                |   9|   0|    9|          0|
    |output_35_addr_reg_5957                  |   9|   0|    9|          0|
    |output_36_addr_2_reg_5184                |   9|   0|    9|          0|
    |output_36_addr_reg_5962                  |   9|   0|    9|          0|
    |output_37_addr_2_reg_5189                |   9|   0|    9|          0|
    |output_37_addr_reg_5967                  |   9|   0|    9|          0|
    |output_38_addr_2_reg_5194                |   9|   0|    9|          0|
    |output_38_addr_reg_5972                  |   9|   0|    9|          0|
    |output_39_addr_2_reg_5199                |   9|   0|    9|          0|
    |output_39_addr_reg_5977                  |   9|   0|    9|          0|
    |output_3_addr_2_reg_5019                 |   9|   0|    9|          0|
    |output_3_addr_reg_5797                   |   9|   0|    9|          0|
    |output_40_addr_2_reg_5204                |   9|   0|    9|          0|
    |output_40_addr_reg_5982                  |   9|   0|    9|          0|
    |output_41_addr_2_reg_5209                |   9|   0|    9|          0|
    |output_41_addr_reg_5987                  |   9|   0|    9|          0|
    |output_42_addr_2_reg_5214                |   9|   0|    9|          0|
    |output_42_addr_reg_5992                  |   9|   0|    9|          0|
    |output_43_addr_2_reg_5219                |   9|   0|    9|          0|
    |output_43_addr_reg_5997                  |   9|   0|    9|          0|
    |output_44_addr_2_reg_5224                |   9|   0|    9|          0|
    |output_44_addr_reg_6002                  |   9|   0|    9|          0|
    |output_45_addr_2_reg_5229                |   9|   0|    9|          0|
    |output_45_addr_reg_6007                  |   9|   0|    9|          0|
    |output_46_addr_2_reg_5234                |   9|   0|    9|          0|
    |output_46_addr_reg_6012                  |   9|   0|    9|          0|
    |output_47_addr_2_reg_5239                |   9|   0|    9|          0|
    |output_47_addr_reg_6017                  |   9|   0|    9|          0|
    |output_48_addr_2_reg_5244                |   9|   0|    9|          0|
    |output_48_addr_reg_6022                  |   9|   0|    9|          0|
    |output_49_addr_2_reg_5249                |   9|   0|    9|          0|
    |output_49_addr_reg_6027                  |   9|   0|    9|          0|
    |output_4_addr_2_reg_5024                 |   9|   0|    9|          0|
    |output_4_addr_reg_5802                   |   9|   0|    9|          0|
    |output_50_addr_2_reg_5254                |   9|   0|    9|          0|
    |output_50_addr_reg_6032                  |   9|   0|    9|          0|
    |output_51_addr_2_reg_5259                |   9|   0|    9|          0|
    |output_51_addr_reg_6037                  |   9|   0|    9|          0|
    |output_52_addr_2_reg_5264                |   9|   0|    9|          0|
    |output_52_addr_reg_6042                  |   9|   0|    9|          0|
    |output_53_addr_2_reg_5269                |   9|   0|    9|          0|
    |output_53_addr_reg_6047                  |   9|   0|    9|          0|
    |output_54_addr_2_reg_5274                |   9|   0|    9|          0|
    |output_54_addr_reg_6052                  |   9|   0|    9|          0|
    |output_55_addr_2_reg_5279                |   9|   0|    9|          0|
    |output_55_addr_reg_6057                  |   9|   0|    9|          0|
    |output_56_addr_2_reg_5284                |   9|   0|    9|          0|
    |output_56_addr_reg_6062                  |   9|   0|    9|          0|
    |output_57_addr_2_reg_5289                |   9|   0|    9|          0|
    |output_57_addr_reg_6067                  |   9|   0|    9|          0|
    |output_58_addr_2_reg_5294                |   9|   0|    9|          0|
    |output_58_addr_reg_6072                  |   9|   0|    9|          0|
    |output_59_addr_2_reg_5299                |   9|   0|    9|          0|
    |output_59_addr_reg_6077                  |   9|   0|    9|          0|
    |output_5_addr_2_reg_5029                 |   9|   0|    9|          0|
    |output_5_addr_reg_5807                   |   9|   0|    9|          0|
    |output_60_addr_2_reg_5304                |   9|   0|    9|          0|
    |output_60_addr_reg_6082                  |   9|   0|    9|          0|
    |output_61_addr_2_reg_5309                |   9|   0|    9|          0|
    |output_61_addr_reg_6087                  |   9|   0|    9|          0|
    |output_62_addr_2_reg_5314                |   9|   0|    9|          0|
    |output_62_addr_reg_6092                  |   9|   0|    9|          0|
    |output_63_addr_2_reg_5319                |   9|   0|    9|          0|
    |output_63_addr_reg_6097                  |   9|   0|    9|          0|
    |output_6_addr_2_reg_5034                 |   9|   0|    9|          0|
    |output_6_addr_reg_5812                   |   9|   0|    9|          0|
    |output_7_addr_2_reg_5039                 |   9|   0|    9|          0|
    |output_7_addr_reg_5817                   |   9|   0|    9|          0|
    |output_8_addr_2_reg_5044                 |   9|   0|    9|          0|
    |output_8_addr_reg_5822                   |   9|   0|    9|          0|
    |output_9_addr_2_reg_5049                 |   9|   0|    9|          0|
    |output_9_addr_reg_5827                   |   9|   0|    9|          0|
    |reg_3520                                 |  32|   0|   32|          0|
    |select_ln104_5_reg_5727                  |   5|   0|    5|          0|
    |select_ln107_5_reg_5738                  |   5|   0|    5|          0|
    |select_ln107_6_reg_5767                  |  11|   0|   11|          0|
    |select_ln107_reg_5732                    |   6|   0|    6|          0|
    |select_ln107_reg_5732_pp1_iter1_reg      |   6|   0|    6|          0|
    |select_ln67_9_reg_4892                   |   5|   0|    5|          0|
    |select_ln73_10_reg_4939                  |   3|   0|    3|          0|
    |select_ln76_5_reg_4985                   |  10|   0|   10|          0|
    |select_ln76_6_reg_4955                   |   4|   0|    4|          0|
    |select_ln76_7_reg_4960                   |   3|   0|    3|          0|
    |select_ln76_reg_4944                     |   6|   0|    6|          0|
    |trunc_ln1_reg_5348                       |   6|   0|    6|          0|
    |trunc_ln94_reg_5343                      |   5|   0|    5|          0|
    |trunc_ln_reg_5753                        |   6|   0|    6|          0|
    |v_reg_2738                               |   3|   0|    3|          0|
    |vi_reg_2809                              |   3|   0|    3|          0|
    |zext_ln79_reg_4999                       |   6|   0|   14|          8|
    |icmp_ln104_reg_5718                      |  64|  32|    1|          0|
    |icmp_ln82_reg_5329                       |  64|  32|    1|          0|
    |trunc_ln1_reg_5348                       |  64|  32|    6|          0|
    |trunc_ln94_reg_5343                      |  64|  32|    5|          0|
    |trunc_ln_reg_5753                        |  64|  32|    6|          0|
    +-----------------------------------------+----+----+-----+-----------+
    |Total                                    |2081| 160| 1798|         18|
    +-----------------------------------------+----+----+-----+-----------+



================================================================
== Interface
================================================================
* Summary: 
+----------------------+-----+-----+------------+--------------+--------------+
|       RTL Ports      | Dir | Bits|  Protocol  | Source Object|    C Type    |
+----------------------+-----+-----+------------+--------------+--------------+
|ap_clk                |   in|    1|  ap_ctrl_hs|      conv2d.1|  return value|
|ap_rst                |   in|    1|  ap_ctrl_hs|      conv2d.1|  return value|
|ap_start              |   in|    1|  ap_ctrl_hs|      conv2d.1|  return value|
|ap_done               |  out|    1|  ap_ctrl_hs|      conv2d.1|  return value|
|ap_idle               |  out|    1|  ap_ctrl_hs|      conv2d.1|  return value|
|ap_ready              |  out|    1|  ap_ctrl_hs|      conv2d.1|  return value|
|grp_fu_3870_p_din0    |  out|   32|  ap_ctrl_hs|      conv2d.1|  return value|
|grp_fu_3870_p_din1    |  out|   32|  ap_ctrl_hs|      conv2d.1|  return value|
|grp_fu_3870_p_opcode  |  out|    2|  ap_ctrl_hs|      conv2d.1|  return value|
|grp_fu_3870_p_dout0   |   in|   32|  ap_ctrl_hs|      conv2d.1|  return value|
|grp_fu_3870_p_ce      |  out|    1|  ap_ctrl_hs|      conv2d.1|  return value|
|grp_fu_3877_p_din0    |  out|   32|  ap_ctrl_hs|      conv2d.1|  return value|
|grp_fu_3877_p_din1    |  out|   32|  ap_ctrl_hs|      conv2d.1|  return value|
|grp_fu_3877_p_dout0   |   in|   32|  ap_ctrl_hs|      conv2d.1|  return value|
|grp_fu_3877_p_ce      |  out|    1|  ap_ctrl_hs|      conv2d.1|  return value|
|grp_fu_3895_p_din0    |  out|   32|  ap_ctrl_hs|      conv2d.1|  return value|
|grp_fu_3895_p_din1    |  out|   32|  ap_ctrl_hs|      conv2d.1|  return value|
|grp_fu_3895_p_opcode  |  out|    5|  ap_ctrl_hs|      conv2d.1|  return value|
|grp_fu_3895_p_dout0   |   in|    1|  ap_ctrl_hs|      conv2d.1|  return value|
|grp_fu_3895_p_ce      |  out|    1|  ap_ctrl_hs|      conv2d.1|  return value|
|input_0_address0      |  out|    9|   ap_memory|       input_0|         array|
|input_0_ce0           |  out|    1|   ap_memory|       input_0|         array|
|input_0_q0            |   in|   32|   ap_memory|       input_0|         array|
|input_1_address0      |  out|    9|   ap_memory|       input_1|         array|
|input_1_ce0           |  out|    1|   ap_memory|       input_1|         array|
|input_1_q0            |   in|   32|   ap_memory|       input_1|         array|
|input_2_address0      |  out|    9|   ap_memory|       input_2|         array|
|input_2_ce0           |  out|    1|   ap_memory|       input_2|         array|
|input_2_q0            |   in|   32|   ap_memory|       input_2|         array|
|input_3_address0      |  out|    9|   ap_memory|       input_3|         array|
|input_3_ce0           |  out|    1|   ap_memory|       input_3|         array|
|input_3_q0            |   in|   32|   ap_memory|       input_3|         array|
|input_4_address0      |  out|    9|   ap_memory|       input_4|         array|
|input_4_ce0           |  out|    1|   ap_memory|       input_4|         array|
|input_4_q0            |   in|   32|   ap_memory|       input_4|         array|
|input_5_address0      |  out|    9|   ap_memory|       input_5|         array|
|input_5_ce0           |  out|    1|   ap_memory|       input_5|         array|
|input_5_q0            |   in|   32|   ap_memory|       input_5|         array|
|input_6_address0      |  out|    9|   ap_memory|       input_6|         array|
|input_6_ce0           |  out|    1|   ap_memory|       input_6|         array|
|input_6_q0            |   in|   32|   ap_memory|       input_6|         array|
|input_7_address0      |  out|    9|   ap_memory|       input_7|         array|
|input_7_ce0           |  out|    1|   ap_memory|       input_7|         array|
|input_7_q0            |   in|   32|   ap_memory|       input_7|         array|
|input_8_address0      |  out|    9|   ap_memory|       input_8|         array|
|input_8_ce0           |  out|    1|   ap_memory|       input_8|         array|
|input_8_q0            |   in|   32|   ap_memory|       input_8|         array|
|input_9_address0      |  out|    9|   ap_memory|       input_9|         array|
|input_9_ce0           |  out|    1|   ap_memory|       input_9|         array|
|input_9_q0            |   in|   32|   ap_memory|       input_9|         array|
|input_10_address0     |  out|    9|   ap_memory|      input_10|         array|
|input_10_ce0          |  out|    1|   ap_memory|      input_10|         array|
|input_10_q0           |   in|   32|   ap_memory|      input_10|         array|
|input_11_address0     |  out|    9|   ap_memory|      input_11|         array|
|input_11_ce0          |  out|    1|   ap_memory|      input_11|         array|
|input_11_q0           |   in|   32|   ap_memory|      input_11|         array|
|input_12_address0     |  out|    9|   ap_memory|      input_12|         array|
|input_12_ce0          |  out|    1|   ap_memory|      input_12|         array|
|input_12_q0           |   in|   32|   ap_memory|      input_12|         array|
|input_13_address0     |  out|    9|   ap_memory|      input_13|         array|
|input_13_ce0          |  out|    1|   ap_memory|      input_13|         array|
|input_13_q0           |   in|   32|   ap_memory|      input_13|         array|
|input_14_address0     |  out|    9|   ap_memory|      input_14|         array|
|input_14_ce0          |  out|    1|   ap_memory|      input_14|         array|
|input_14_q0           |   in|   32|   ap_memory|      input_14|         array|
|input_15_address0     |  out|    9|   ap_memory|      input_15|         array|
|input_15_ce0          |  out|    1|   ap_memory|      input_15|         array|
|input_15_q0           |   in|   32|   ap_memory|      input_15|         array|
|input_16_address0     |  out|    9|   ap_memory|      input_16|         array|
|input_16_ce0          |  out|    1|   ap_memory|      input_16|         array|
|input_16_q0           |   in|   32|   ap_memory|      input_16|         array|
|input_17_address0     |  out|    9|   ap_memory|      input_17|         array|
|input_17_ce0          |  out|    1|   ap_memory|      input_17|         array|
|input_17_q0           |   in|   32|   ap_memory|      input_17|         array|
|input_18_address0     |  out|    9|   ap_memory|      input_18|         array|
|input_18_ce0          |  out|    1|   ap_memory|      input_18|         array|
|input_18_q0           |   in|   32|   ap_memory|      input_18|         array|
|input_19_address0     |  out|    9|   ap_memory|      input_19|         array|
|input_19_ce0          |  out|    1|   ap_memory|      input_19|         array|
|input_19_q0           |   in|   32|   ap_memory|      input_19|         array|
|input_20_address0     |  out|    9|   ap_memory|      input_20|         array|
|input_20_ce0          |  out|    1|   ap_memory|      input_20|         array|
|input_20_q0           |   in|   32|   ap_memory|      input_20|         array|
|input_21_address0     |  out|    9|   ap_memory|      input_21|         array|
|input_21_ce0          |  out|    1|   ap_memory|      input_21|         array|
|input_21_q0           |   in|   32|   ap_memory|      input_21|         array|
|input_22_address0     |  out|    9|   ap_memory|      input_22|         array|
|input_22_ce0          |  out|    1|   ap_memory|      input_22|         array|
|input_22_q0           |   in|   32|   ap_memory|      input_22|         array|
|input_23_address0     |  out|    9|   ap_memory|      input_23|         array|
|input_23_ce0          |  out|    1|   ap_memory|      input_23|         array|
|input_23_q0           |   in|   32|   ap_memory|      input_23|         array|
|input_24_address0     |  out|    9|   ap_memory|      input_24|         array|
|input_24_ce0          |  out|    1|   ap_memory|      input_24|         array|
|input_24_q0           |   in|   32|   ap_memory|      input_24|         array|
|input_25_address0     |  out|    9|   ap_memory|      input_25|         array|
|input_25_ce0          |  out|    1|   ap_memory|      input_25|         array|
|input_25_q0           |   in|   32|   ap_memory|      input_25|         array|
|input_26_address0     |  out|    9|   ap_memory|      input_26|         array|
|input_26_ce0          |  out|    1|   ap_memory|      input_26|         array|
|input_26_q0           |   in|   32|   ap_memory|      input_26|         array|
|input_27_address0     |  out|    9|   ap_memory|      input_27|         array|
|input_27_ce0          |  out|    1|   ap_memory|      input_27|         array|
|input_27_q0           |   in|   32|   ap_memory|      input_27|         array|
|input_28_address0     |  out|    9|   ap_memory|      input_28|         array|
|input_28_ce0          |  out|    1|   ap_memory|      input_28|         array|
|input_28_q0           |   in|   32|   ap_memory|      input_28|         array|
|input_29_address0     |  out|    9|   ap_memory|      input_29|         array|
|input_29_ce0          |  out|    1|   ap_memory|      input_29|         array|
|input_29_q0           |   in|   32|   ap_memory|      input_29|         array|
|input_30_address0     |  out|    9|   ap_memory|      input_30|         array|
|input_30_ce0          |  out|    1|   ap_memory|      input_30|         array|
|input_30_q0           |   in|   32|   ap_memory|      input_30|         array|
|input_31_address0     |  out|    9|   ap_memory|      input_31|         array|
|input_31_ce0          |  out|    1|   ap_memory|      input_31|         array|
|input_31_q0           |   in|   32|   ap_memory|      input_31|         array|
|input_32_address0     |  out|    9|   ap_memory|      input_32|         array|
|input_32_ce0          |  out|    1|   ap_memory|      input_32|         array|
|input_32_q0           |   in|   32|   ap_memory|      input_32|         array|
|input_33_address0     |  out|    9|   ap_memory|      input_33|         array|
|input_33_ce0          |  out|    1|   ap_memory|      input_33|         array|
|input_33_q0           |   in|   32|   ap_memory|      input_33|         array|
|input_34_address0     |  out|    9|   ap_memory|      input_34|         array|
|input_34_ce0          |  out|    1|   ap_memory|      input_34|         array|
|input_34_q0           |   in|   32|   ap_memory|      input_34|         array|
|input_35_address0     |  out|    9|   ap_memory|      input_35|         array|
|input_35_ce0          |  out|    1|   ap_memory|      input_35|         array|
|input_35_q0           |   in|   32|   ap_memory|      input_35|         array|
|input_36_address0     |  out|    9|   ap_memory|      input_36|         array|
|input_36_ce0          |  out|    1|   ap_memory|      input_36|         array|
|input_36_q0           |   in|   32|   ap_memory|      input_36|         array|
|input_37_address0     |  out|    9|   ap_memory|      input_37|         array|
|input_37_ce0          |  out|    1|   ap_memory|      input_37|         array|
|input_37_q0           |   in|   32|   ap_memory|      input_37|         array|
|input_38_address0     |  out|    9|   ap_memory|      input_38|         array|
|input_38_ce0          |  out|    1|   ap_memory|      input_38|         array|
|input_38_q0           |   in|   32|   ap_memory|      input_38|         array|
|input_39_address0     |  out|    9|   ap_memory|      input_39|         array|
|input_39_ce0          |  out|    1|   ap_memory|      input_39|         array|
|input_39_q0           |   in|   32|   ap_memory|      input_39|         array|
|input_40_address0     |  out|    9|   ap_memory|      input_40|         array|
|input_40_ce0          |  out|    1|   ap_memory|      input_40|         array|
|input_40_q0           |   in|   32|   ap_memory|      input_40|         array|
|input_41_address0     |  out|    9|   ap_memory|      input_41|         array|
|input_41_ce0          |  out|    1|   ap_memory|      input_41|         array|
|input_41_q0           |   in|   32|   ap_memory|      input_41|         array|
|input_42_address0     |  out|    9|   ap_memory|      input_42|         array|
|input_42_ce0          |  out|    1|   ap_memory|      input_42|         array|
|input_42_q0           |   in|   32|   ap_memory|      input_42|         array|
|input_43_address0     |  out|    9|   ap_memory|      input_43|         array|
|input_43_ce0          |  out|    1|   ap_memory|      input_43|         array|
|input_43_q0           |   in|   32|   ap_memory|      input_43|         array|
|input_44_address0     |  out|    9|   ap_memory|      input_44|         array|
|input_44_ce0          |  out|    1|   ap_memory|      input_44|         array|
|input_44_q0           |   in|   32|   ap_memory|      input_44|         array|
|input_45_address0     |  out|    9|   ap_memory|      input_45|         array|
|input_45_ce0          |  out|    1|   ap_memory|      input_45|         array|
|input_45_q0           |   in|   32|   ap_memory|      input_45|         array|
|input_46_address0     |  out|    9|   ap_memory|      input_46|         array|
|input_46_ce0          |  out|    1|   ap_memory|      input_46|         array|
|input_46_q0           |   in|   32|   ap_memory|      input_46|         array|
|input_47_address0     |  out|    9|   ap_memory|      input_47|         array|
|input_47_ce0          |  out|    1|   ap_memory|      input_47|         array|
|input_47_q0           |   in|   32|   ap_memory|      input_47|         array|
|input_48_address0     |  out|    9|   ap_memory|      input_48|         array|
|input_48_ce0          |  out|    1|   ap_memory|      input_48|         array|
|input_48_q0           |   in|   32|   ap_memory|      input_48|         array|
|input_49_address0     |  out|    9|   ap_memory|      input_49|         array|
|input_49_ce0          |  out|    1|   ap_memory|      input_49|         array|
|input_49_q0           |   in|   32|   ap_memory|      input_49|         array|
|input_50_address0     |  out|    9|   ap_memory|      input_50|         array|
|input_50_ce0          |  out|    1|   ap_memory|      input_50|         array|
|input_50_q0           |   in|   32|   ap_memory|      input_50|         array|
|input_51_address0     |  out|    9|   ap_memory|      input_51|         array|
|input_51_ce0          |  out|    1|   ap_memory|      input_51|         array|
|input_51_q0           |   in|   32|   ap_memory|      input_51|         array|
|input_52_address0     |  out|    9|   ap_memory|      input_52|         array|
|input_52_ce0          |  out|    1|   ap_memory|      input_52|         array|
|input_52_q0           |   in|   32|   ap_memory|      input_52|         array|
|input_53_address0     |  out|    9|   ap_memory|      input_53|         array|
|input_53_ce0          |  out|    1|   ap_memory|      input_53|         array|
|input_53_q0           |   in|   32|   ap_memory|      input_53|         array|
|input_54_address0     |  out|    9|   ap_memory|      input_54|         array|
|input_54_ce0          |  out|    1|   ap_memory|      input_54|         array|
|input_54_q0           |   in|   32|   ap_memory|      input_54|         array|
|input_55_address0     |  out|    9|   ap_memory|      input_55|         array|
|input_55_ce0          |  out|    1|   ap_memory|      input_55|         array|
|input_55_q0           |   in|   32|   ap_memory|      input_55|         array|
|input_56_address0     |  out|    9|   ap_memory|      input_56|         array|
|input_56_ce0          |  out|    1|   ap_memory|      input_56|         array|
|input_56_q0           |   in|   32|   ap_memory|      input_56|         array|
|input_57_address0     |  out|    9|   ap_memory|      input_57|         array|
|input_57_ce0          |  out|    1|   ap_memory|      input_57|         array|
|input_57_q0           |   in|   32|   ap_memory|      input_57|         array|
|input_58_address0     |  out|    9|   ap_memory|      input_58|         array|
|input_58_ce0          |  out|    1|   ap_memory|      input_58|         array|
|input_58_q0           |   in|   32|   ap_memory|      input_58|         array|
|input_59_address0     |  out|    9|   ap_memory|      input_59|         array|
|input_59_ce0          |  out|    1|   ap_memory|      input_59|         array|
|input_59_q0           |   in|   32|   ap_memory|      input_59|         array|
|input_60_address0     |  out|    9|   ap_memory|      input_60|         array|
|input_60_ce0          |  out|    1|   ap_memory|      input_60|         array|
|input_60_q0           |   in|   32|   ap_memory|      input_60|         array|
|input_61_address0     |  out|    9|   ap_memory|      input_61|         array|
|input_61_ce0          |  out|    1|   ap_memory|      input_61|         array|
|input_61_q0           |   in|   32|   ap_memory|      input_61|         array|
|input_62_address0     |  out|    9|   ap_memory|      input_62|         array|
|input_62_ce0          |  out|    1|   ap_memory|      input_62|         array|
|input_62_q0           |   in|   32|   ap_memory|      input_62|         array|
|input_63_address0     |  out|    9|   ap_memory|      input_63|         array|
|input_63_ce0          |  out|    1|   ap_memory|      input_63|         array|
|input_63_q0           |   in|   32|   ap_memory|      input_63|         array|
|output_0_address0     |  out|    9|   ap_memory|      output_0|         array|
|output_0_ce0          |  out|    1|   ap_memory|      output_0|         array|
|output_0_we0          |  out|    1|   ap_memory|      output_0|         array|
|output_0_d0           |  out|   32|   ap_memory|      output_0|         array|
|output_0_q0           |   in|   32|   ap_memory|      output_0|         array|
|output_1_address0     |  out|    9|   ap_memory|      output_1|         array|
|output_1_ce0          |  out|    1|   ap_memory|      output_1|         array|
|output_1_we0          |  out|    1|   ap_memory|      output_1|         array|
|output_1_d0           |  out|   32|   ap_memory|      output_1|         array|
|output_1_q0           |   in|   32|   ap_memory|      output_1|         array|
|output_2_address0     |  out|    9|   ap_memory|      output_2|         array|
|output_2_ce0          |  out|    1|   ap_memory|      output_2|         array|
|output_2_we0          |  out|    1|   ap_memory|      output_2|         array|
|output_2_d0           |  out|   32|   ap_memory|      output_2|         array|
|output_2_q0           |   in|   32|   ap_memory|      output_2|         array|
|output_3_address0     |  out|    9|   ap_memory|      output_3|         array|
|output_3_ce0          |  out|    1|   ap_memory|      output_3|         array|
|output_3_we0          |  out|    1|   ap_memory|      output_3|         array|
|output_3_d0           |  out|   32|   ap_memory|      output_3|         array|
|output_3_q0           |   in|   32|   ap_memory|      output_3|         array|
|output_4_address0     |  out|    9|   ap_memory|      output_4|         array|
|output_4_ce0          |  out|    1|   ap_memory|      output_4|         array|
|output_4_we0          |  out|    1|   ap_memory|      output_4|         array|
|output_4_d0           |  out|   32|   ap_memory|      output_4|         array|
|output_4_q0           |   in|   32|   ap_memory|      output_4|         array|
|output_5_address0     |  out|    9|   ap_memory|      output_5|         array|
|output_5_ce0          |  out|    1|   ap_memory|      output_5|         array|
|output_5_we0          |  out|    1|   ap_memory|      output_5|         array|
|output_5_d0           |  out|   32|   ap_memory|      output_5|         array|
|output_5_q0           |   in|   32|   ap_memory|      output_5|         array|
|output_6_address0     |  out|    9|   ap_memory|      output_6|         array|
|output_6_ce0          |  out|    1|   ap_memory|      output_6|         array|
|output_6_we0          |  out|    1|   ap_memory|      output_6|         array|
|output_6_d0           |  out|   32|   ap_memory|      output_6|         array|
|output_6_q0           |   in|   32|   ap_memory|      output_6|         array|
|output_7_address0     |  out|    9|   ap_memory|      output_7|         array|
|output_7_ce0          |  out|    1|   ap_memory|      output_7|         array|
|output_7_we0          |  out|    1|   ap_memory|      output_7|         array|
|output_7_d0           |  out|   32|   ap_memory|      output_7|         array|
|output_7_q0           |   in|   32|   ap_memory|      output_7|         array|
|output_8_address0     |  out|    9|   ap_memory|      output_8|         array|
|output_8_ce0          |  out|    1|   ap_memory|      output_8|         array|
|output_8_we0          |  out|    1|   ap_memory|      output_8|         array|
|output_8_d0           |  out|   32|   ap_memory|      output_8|         array|
|output_8_q0           |   in|   32|   ap_memory|      output_8|         array|
|output_9_address0     |  out|    9|   ap_memory|      output_9|         array|
|output_9_ce0          |  out|    1|   ap_memory|      output_9|         array|
|output_9_we0          |  out|    1|   ap_memory|      output_9|         array|
|output_9_d0           |  out|   32|   ap_memory|      output_9|         array|
|output_9_q0           |   in|   32|   ap_memory|      output_9|         array|
|output_10_address0    |  out|    9|   ap_memory|     output_10|         array|
|output_10_ce0         |  out|    1|   ap_memory|     output_10|         array|
|output_10_we0         |  out|    1|   ap_memory|     output_10|         array|
|output_10_d0          |  out|   32|   ap_memory|     output_10|         array|
|output_10_q0          |   in|   32|   ap_memory|     output_10|         array|
|output_11_address0    |  out|    9|   ap_memory|     output_11|         array|
|output_11_ce0         |  out|    1|   ap_memory|     output_11|         array|
|output_11_we0         |  out|    1|   ap_memory|     output_11|         array|
|output_11_d0          |  out|   32|   ap_memory|     output_11|         array|
|output_11_q0          |   in|   32|   ap_memory|     output_11|         array|
|output_12_address0    |  out|    9|   ap_memory|     output_12|         array|
|output_12_ce0         |  out|    1|   ap_memory|     output_12|         array|
|output_12_we0         |  out|    1|   ap_memory|     output_12|         array|
|output_12_d0          |  out|   32|   ap_memory|     output_12|         array|
|output_12_q0          |   in|   32|   ap_memory|     output_12|         array|
|output_13_address0    |  out|    9|   ap_memory|     output_13|         array|
|output_13_ce0         |  out|    1|   ap_memory|     output_13|         array|
|output_13_we0         |  out|    1|   ap_memory|     output_13|         array|
|output_13_d0          |  out|   32|   ap_memory|     output_13|         array|
|output_13_q0          |   in|   32|   ap_memory|     output_13|         array|
|output_14_address0    |  out|    9|   ap_memory|     output_14|         array|
|output_14_ce0         |  out|    1|   ap_memory|     output_14|         array|
|output_14_we0         |  out|    1|   ap_memory|     output_14|         array|
|output_14_d0          |  out|   32|   ap_memory|     output_14|         array|
|output_14_q0          |   in|   32|   ap_memory|     output_14|         array|
|output_15_address0    |  out|    9|   ap_memory|     output_15|         array|
|output_15_ce0         |  out|    1|   ap_memory|     output_15|         array|
|output_15_we0         |  out|    1|   ap_memory|     output_15|         array|
|output_15_d0          |  out|   32|   ap_memory|     output_15|         array|
|output_15_q0          |   in|   32|   ap_memory|     output_15|         array|
|output_16_address0    |  out|    9|   ap_memory|     output_16|         array|
|output_16_ce0         |  out|    1|   ap_memory|     output_16|         array|
|output_16_we0         |  out|    1|   ap_memory|     output_16|         array|
|output_16_d0          |  out|   32|   ap_memory|     output_16|         array|
|output_16_q0          |   in|   32|   ap_memory|     output_16|         array|
|output_17_address0    |  out|    9|   ap_memory|     output_17|         array|
|output_17_ce0         |  out|    1|   ap_memory|     output_17|         array|
|output_17_we0         |  out|    1|   ap_memory|     output_17|         array|
|output_17_d0          |  out|   32|   ap_memory|     output_17|         array|
|output_17_q0          |   in|   32|   ap_memory|     output_17|         array|
|output_18_address0    |  out|    9|   ap_memory|     output_18|         array|
|output_18_ce0         |  out|    1|   ap_memory|     output_18|         array|
|output_18_we0         |  out|    1|   ap_memory|     output_18|         array|
|output_18_d0          |  out|   32|   ap_memory|     output_18|         array|
|output_18_q0          |   in|   32|   ap_memory|     output_18|         array|
|output_19_address0    |  out|    9|   ap_memory|     output_19|         array|
|output_19_ce0         |  out|    1|   ap_memory|     output_19|         array|
|output_19_we0         |  out|    1|   ap_memory|     output_19|         array|
|output_19_d0          |  out|   32|   ap_memory|     output_19|         array|
|output_19_q0          |   in|   32|   ap_memory|     output_19|         array|
|output_20_address0    |  out|    9|   ap_memory|     output_20|         array|
|output_20_ce0         |  out|    1|   ap_memory|     output_20|         array|
|output_20_we0         |  out|    1|   ap_memory|     output_20|         array|
|output_20_d0          |  out|   32|   ap_memory|     output_20|         array|
|output_20_q0          |   in|   32|   ap_memory|     output_20|         array|
|output_21_address0    |  out|    9|   ap_memory|     output_21|         array|
|output_21_ce0         |  out|    1|   ap_memory|     output_21|         array|
|output_21_we0         |  out|    1|   ap_memory|     output_21|         array|
|output_21_d0          |  out|   32|   ap_memory|     output_21|         array|
|output_21_q0          |   in|   32|   ap_memory|     output_21|         array|
|output_22_address0    |  out|    9|   ap_memory|     output_22|         array|
|output_22_ce0         |  out|    1|   ap_memory|     output_22|         array|
|output_22_we0         |  out|    1|   ap_memory|     output_22|         array|
|output_22_d0          |  out|   32|   ap_memory|     output_22|         array|
|output_22_q0          |   in|   32|   ap_memory|     output_22|         array|
|output_23_address0    |  out|    9|   ap_memory|     output_23|         array|
|output_23_ce0         |  out|    1|   ap_memory|     output_23|         array|
|output_23_we0         |  out|    1|   ap_memory|     output_23|         array|
|output_23_d0          |  out|   32|   ap_memory|     output_23|         array|
|output_23_q0          |   in|   32|   ap_memory|     output_23|         array|
|output_24_address0    |  out|    9|   ap_memory|     output_24|         array|
|output_24_ce0         |  out|    1|   ap_memory|     output_24|         array|
|output_24_we0         |  out|    1|   ap_memory|     output_24|         array|
|output_24_d0          |  out|   32|   ap_memory|     output_24|         array|
|output_24_q0          |   in|   32|   ap_memory|     output_24|         array|
|output_25_address0    |  out|    9|   ap_memory|     output_25|         array|
|output_25_ce0         |  out|    1|   ap_memory|     output_25|         array|
|output_25_we0         |  out|    1|   ap_memory|     output_25|         array|
|output_25_d0          |  out|   32|   ap_memory|     output_25|         array|
|output_25_q0          |   in|   32|   ap_memory|     output_25|         array|
|output_26_address0    |  out|    9|   ap_memory|     output_26|         array|
|output_26_ce0         |  out|    1|   ap_memory|     output_26|         array|
|output_26_we0         |  out|    1|   ap_memory|     output_26|         array|
|output_26_d0          |  out|   32|   ap_memory|     output_26|         array|
|output_26_q0          |   in|   32|   ap_memory|     output_26|         array|
|output_27_address0    |  out|    9|   ap_memory|     output_27|         array|
|output_27_ce0         |  out|    1|   ap_memory|     output_27|         array|
|output_27_we0         |  out|    1|   ap_memory|     output_27|         array|
|output_27_d0          |  out|   32|   ap_memory|     output_27|         array|
|output_27_q0          |   in|   32|   ap_memory|     output_27|         array|
|output_28_address0    |  out|    9|   ap_memory|     output_28|         array|
|output_28_ce0         |  out|    1|   ap_memory|     output_28|         array|
|output_28_we0         |  out|    1|   ap_memory|     output_28|         array|
|output_28_d0          |  out|   32|   ap_memory|     output_28|         array|
|output_28_q0          |   in|   32|   ap_memory|     output_28|         array|
|output_29_address0    |  out|    9|   ap_memory|     output_29|         array|
|output_29_ce0         |  out|    1|   ap_memory|     output_29|         array|
|output_29_we0         |  out|    1|   ap_memory|     output_29|         array|
|output_29_d0          |  out|   32|   ap_memory|     output_29|         array|
|output_29_q0          |   in|   32|   ap_memory|     output_29|         array|
|output_30_address0    |  out|    9|   ap_memory|     output_30|         array|
|output_30_ce0         |  out|    1|   ap_memory|     output_30|         array|
|output_30_we0         |  out|    1|   ap_memory|     output_30|         array|
|output_30_d0          |  out|   32|   ap_memory|     output_30|         array|
|output_30_q0          |   in|   32|   ap_memory|     output_30|         array|
|output_31_address0    |  out|    9|   ap_memory|     output_31|         array|
|output_31_ce0         |  out|    1|   ap_memory|     output_31|         array|
|output_31_we0         |  out|    1|   ap_memory|     output_31|         array|
|output_31_d0          |  out|   32|   ap_memory|     output_31|         array|
|output_31_q0          |   in|   32|   ap_memory|     output_31|         array|
|output_32_address0    |  out|    9|   ap_memory|     output_32|         array|
|output_32_ce0         |  out|    1|   ap_memory|     output_32|         array|
|output_32_we0         |  out|    1|   ap_memory|     output_32|         array|
|output_32_d0          |  out|   32|   ap_memory|     output_32|         array|
|output_32_q0          |   in|   32|   ap_memory|     output_32|         array|
|output_33_address0    |  out|    9|   ap_memory|     output_33|         array|
|output_33_ce0         |  out|    1|   ap_memory|     output_33|         array|
|output_33_we0         |  out|    1|   ap_memory|     output_33|         array|
|output_33_d0          |  out|   32|   ap_memory|     output_33|         array|
|output_33_q0          |   in|   32|   ap_memory|     output_33|         array|
|output_34_address0    |  out|    9|   ap_memory|     output_34|         array|
|output_34_ce0         |  out|    1|   ap_memory|     output_34|         array|
|output_34_we0         |  out|    1|   ap_memory|     output_34|         array|
|output_34_d0          |  out|   32|   ap_memory|     output_34|         array|
|output_34_q0          |   in|   32|   ap_memory|     output_34|         array|
|output_35_address0    |  out|    9|   ap_memory|     output_35|         array|
|output_35_ce0         |  out|    1|   ap_memory|     output_35|         array|
|output_35_we0         |  out|    1|   ap_memory|     output_35|         array|
|output_35_d0          |  out|   32|   ap_memory|     output_35|         array|
|output_35_q0          |   in|   32|   ap_memory|     output_35|         array|
|output_36_address0    |  out|    9|   ap_memory|     output_36|         array|
|output_36_ce0         |  out|    1|   ap_memory|     output_36|         array|
|output_36_we0         |  out|    1|   ap_memory|     output_36|         array|
|output_36_d0          |  out|   32|   ap_memory|     output_36|         array|
|output_36_q0          |   in|   32|   ap_memory|     output_36|         array|
|output_37_address0    |  out|    9|   ap_memory|     output_37|         array|
|output_37_ce0         |  out|    1|   ap_memory|     output_37|         array|
|output_37_we0         |  out|    1|   ap_memory|     output_37|         array|
|output_37_d0          |  out|   32|   ap_memory|     output_37|         array|
|output_37_q0          |   in|   32|   ap_memory|     output_37|         array|
|output_38_address0    |  out|    9|   ap_memory|     output_38|         array|
|output_38_ce0         |  out|    1|   ap_memory|     output_38|         array|
|output_38_we0         |  out|    1|   ap_memory|     output_38|         array|
|output_38_d0          |  out|   32|   ap_memory|     output_38|         array|
|output_38_q0          |   in|   32|   ap_memory|     output_38|         array|
|output_39_address0    |  out|    9|   ap_memory|     output_39|         array|
|output_39_ce0         |  out|    1|   ap_memory|     output_39|         array|
|output_39_we0         |  out|    1|   ap_memory|     output_39|         array|
|output_39_d0          |  out|   32|   ap_memory|     output_39|         array|
|output_39_q0          |   in|   32|   ap_memory|     output_39|         array|
|output_40_address0    |  out|    9|   ap_memory|     output_40|         array|
|output_40_ce0         |  out|    1|   ap_memory|     output_40|         array|
|output_40_we0         |  out|    1|   ap_memory|     output_40|         array|
|output_40_d0          |  out|   32|   ap_memory|     output_40|         array|
|output_40_q0          |   in|   32|   ap_memory|     output_40|         array|
|output_41_address0    |  out|    9|   ap_memory|     output_41|         array|
|output_41_ce0         |  out|    1|   ap_memory|     output_41|         array|
|output_41_we0         |  out|    1|   ap_memory|     output_41|         array|
|output_41_d0          |  out|   32|   ap_memory|     output_41|         array|
|output_41_q0          |   in|   32|   ap_memory|     output_41|         array|
|output_42_address0    |  out|    9|   ap_memory|     output_42|         array|
|output_42_ce0         |  out|    1|   ap_memory|     output_42|         array|
|output_42_we0         |  out|    1|   ap_memory|     output_42|         array|
|output_42_d0          |  out|   32|   ap_memory|     output_42|         array|
|output_42_q0          |   in|   32|   ap_memory|     output_42|         array|
|output_43_address0    |  out|    9|   ap_memory|     output_43|         array|
|output_43_ce0         |  out|    1|   ap_memory|     output_43|         array|
|output_43_we0         |  out|    1|   ap_memory|     output_43|         array|
|output_43_d0          |  out|   32|   ap_memory|     output_43|         array|
|output_43_q0          |   in|   32|   ap_memory|     output_43|         array|
|output_44_address0    |  out|    9|   ap_memory|     output_44|         array|
|output_44_ce0         |  out|    1|   ap_memory|     output_44|         array|
|output_44_we0         |  out|    1|   ap_memory|     output_44|         array|
|output_44_d0          |  out|   32|   ap_memory|     output_44|         array|
|output_44_q0          |   in|   32|   ap_memory|     output_44|         array|
|output_45_address0    |  out|    9|   ap_memory|     output_45|         array|
|output_45_ce0         |  out|    1|   ap_memory|     output_45|         array|
|output_45_we0         |  out|    1|   ap_memory|     output_45|         array|
|output_45_d0          |  out|   32|   ap_memory|     output_45|         array|
|output_45_q0          |   in|   32|   ap_memory|     output_45|         array|
|output_46_address0    |  out|    9|   ap_memory|     output_46|         array|
|output_46_ce0         |  out|    1|   ap_memory|     output_46|         array|
|output_46_we0         |  out|    1|   ap_memory|     output_46|         array|
|output_46_d0          |  out|   32|   ap_memory|     output_46|         array|
|output_46_q0          |   in|   32|   ap_memory|     output_46|         array|
|output_47_address0    |  out|    9|   ap_memory|     output_47|         array|
|output_47_ce0         |  out|    1|   ap_memory|     output_47|         array|
|output_47_we0         |  out|    1|   ap_memory|     output_47|         array|
|output_47_d0          |  out|   32|   ap_memory|     output_47|         array|
|output_47_q0          |   in|   32|   ap_memory|     output_47|         array|
|output_48_address0    |  out|    9|   ap_memory|     output_48|         array|
|output_48_ce0         |  out|    1|   ap_memory|     output_48|         array|
|output_48_we0         |  out|    1|   ap_memory|     output_48|         array|
|output_48_d0          |  out|   32|   ap_memory|     output_48|         array|
|output_48_q0          |   in|   32|   ap_memory|     output_48|         array|
|output_49_address0    |  out|    9|   ap_memory|     output_49|         array|
|output_49_ce0         |  out|    1|   ap_memory|     output_49|         array|
|output_49_we0         |  out|    1|   ap_memory|     output_49|         array|
|output_49_d0          |  out|   32|   ap_memory|     output_49|         array|
|output_49_q0          |   in|   32|   ap_memory|     output_49|         array|
|output_50_address0    |  out|    9|   ap_memory|     output_50|         array|
|output_50_ce0         |  out|    1|   ap_memory|     output_50|         array|
|output_50_we0         |  out|    1|   ap_memory|     output_50|         array|
|output_50_d0          |  out|   32|   ap_memory|     output_50|         array|
|output_50_q0          |   in|   32|   ap_memory|     output_50|         array|
|output_51_address0    |  out|    9|   ap_memory|     output_51|         array|
|output_51_ce0         |  out|    1|   ap_memory|     output_51|         array|
|output_51_we0         |  out|    1|   ap_memory|     output_51|         array|
|output_51_d0          |  out|   32|   ap_memory|     output_51|         array|
|output_51_q0          |   in|   32|   ap_memory|     output_51|         array|
|output_52_address0    |  out|    9|   ap_memory|     output_52|         array|
|output_52_ce0         |  out|    1|   ap_memory|     output_52|         array|
|output_52_we0         |  out|    1|   ap_memory|     output_52|         array|
|output_52_d0          |  out|   32|   ap_memory|     output_52|         array|
|output_52_q0          |   in|   32|   ap_memory|     output_52|         array|
|output_53_address0    |  out|    9|   ap_memory|     output_53|         array|
|output_53_ce0         |  out|    1|   ap_memory|     output_53|         array|
|output_53_we0         |  out|    1|   ap_memory|     output_53|         array|
|output_53_d0          |  out|   32|   ap_memory|     output_53|         array|
|output_53_q0          |   in|   32|   ap_memory|     output_53|         array|
|output_54_address0    |  out|    9|   ap_memory|     output_54|         array|
|output_54_ce0         |  out|    1|   ap_memory|     output_54|         array|
|output_54_we0         |  out|    1|   ap_memory|     output_54|         array|
|output_54_d0          |  out|   32|   ap_memory|     output_54|         array|
|output_54_q0          |   in|   32|   ap_memory|     output_54|         array|
|output_55_address0    |  out|    9|   ap_memory|     output_55|         array|
|output_55_ce0         |  out|    1|   ap_memory|     output_55|         array|
|output_55_we0         |  out|    1|   ap_memory|     output_55|         array|
|output_55_d0          |  out|   32|   ap_memory|     output_55|         array|
|output_55_q0          |   in|   32|   ap_memory|     output_55|         array|
|output_56_address0    |  out|    9|   ap_memory|     output_56|         array|
|output_56_ce0         |  out|    1|   ap_memory|     output_56|         array|
|output_56_we0         |  out|    1|   ap_memory|     output_56|         array|
|output_56_d0          |  out|   32|   ap_memory|     output_56|         array|
|output_56_q0          |   in|   32|   ap_memory|     output_56|         array|
|output_57_address0    |  out|    9|   ap_memory|     output_57|         array|
|output_57_ce0         |  out|    1|   ap_memory|     output_57|         array|
|output_57_we0         |  out|    1|   ap_memory|     output_57|         array|
|output_57_d0          |  out|   32|   ap_memory|     output_57|         array|
|output_57_q0          |   in|   32|   ap_memory|     output_57|         array|
|output_58_address0    |  out|    9|   ap_memory|     output_58|         array|
|output_58_ce0         |  out|    1|   ap_memory|     output_58|         array|
|output_58_we0         |  out|    1|   ap_memory|     output_58|         array|
|output_58_d0          |  out|   32|   ap_memory|     output_58|         array|
|output_58_q0          |   in|   32|   ap_memory|     output_58|         array|
|output_59_address0    |  out|    9|   ap_memory|     output_59|         array|
|output_59_ce0         |  out|    1|   ap_memory|     output_59|         array|
|output_59_we0         |  out|    1|   ap_memory|     output_59|         array|
|output_59_d0          |  out|   32|   ap_memory|     output_59|         array|
|output_59_q0          |   in|   32|   ap_memory|     output_59|         array|
|output_60_address0    |  out|    9|   ap_memory|     output_60|         array|
|output_60_ce0         |  out|    1|   ap_memory|     output_60|         array|
|output_60_we0         |  out|    1|   ap_memory|     output_60|         array|
|output_60_d0          |  out|   32|   ap_memory|     output_60|         array|
|output_60_q0          |   in|   32|   ap_memory|     output_60|         array|
|output_61_address0    |  out|    9|   ap_memory|     output_61|         array|
|output_61_ce0         |  out|    1|   ap_memory|     output_61|         array|
|output_61_we0         |  out|    1|   ap_memory|     output_61|         array|
|output_61_d0          |  out|   32|   ap_memory|     output_61|         array|
|output_61_q0          |   in|   32|   ap_memory|     output_61|         array|
|output_62_address0    |  out|    9|   ap_memory|     output_62|         array|
|output_62_ce0         |  out|    1|   ap_memory|     output_62|         array|
|output_62_we0         |  out|    1|   ap_memory|     output_62|         array|
|output_62_d0          |  out|   32|   ap_memory|     output_62|         array|
|output_62_q0          |   in|   32|   ap_memory|     output_62|         array|
|output_63_address0    |  out|    9|   ap_memory|     output_63|         array|
|output_63_ce0         |  out|    1|   ap_memory|     output_63|         array|
|output_63_we0         |  out|    1|   ap_memory|     output_63|         array|
|output_63_d0          |  out|   32|   ap_memory|     output_63|         array|
|output_63_q0          |   in|   32|   ap_memory|     output_63|         array|
+----------------------+-----+-----+------------+--------------+--------------+

