

================================================================
== Synthesis Summary Report of 'infer'
================================================================
+ General Information: 
    * Date:           Sat Dec 23 20:36:13 2023
    * Version:        2020.2 (Build 3064766 on Wed Nov 18 09:12:47 MST 2020)
    * Project:        cnn
    * Solution:       solution1 (Vivado IP Flow Target)
    * Product family: zynquplus
    * Target device:  xczu3eg-sbva484-1-e
    

+ Performance & Resource Estimates: 
    
    PS: '+' for module; 'o' for loop; '*' for dataflow
    +--------------------------------------------------------+--------+-------+----------+-----------+----------+----------+--------+----------+------------+----------+-------------+-------------+-----+
    |                         Modules                        |  Issue |       | Latency  |  Latency  | Iteration|          |  Trip  |          |            |          |             |             |     |
    |                         & Loops                        |  Type  | Slack | (cycles) |    (ns)   |  Latency | Interval |  Count | Pipelined|    BRAM    |    DSP   |      FF     |     LUT     | URAM|
    +--------------------------------------------------------+--------+-------+----------+-----------+----------+----------+--------+----------+------------+----------+-------------+-------------+-----+
    |+ infer                                                 |  Timing|   4.74|  40043605|  4.820e+08|         -|  40043606|       -|        no|  788 (182%)|  38 (10%)|  25535 (18%)|  59256 (83%)|    -|
    | + grp_max_pooling2d_1_fu_2002                          |       -|  -0.08|     10842|  1.305e+05|         -|     10842|       -|        no|           -|    5 (1%)|    4496 (3%)|    6814 (9%)|    -|
    |  o VITIS_LOOP_119_1_VITIS_LOOP_122_2_VITIS_LOOP_125_3  |      II|  -7.30|     10840|  1.305e+05|        27|         2|    5408|       yes|           -|         -|            -|            -|    -|
    | + grp_max_pooling2d_2_fu_2134                          |       -|  -0.08|     53852|  6.482e+05|         -|     53852|       -|        no|           -|    5 (1%)|    4565 (3%)|    6841 (9%)|    -|
    |  o VITIS_LOOP_119_1_VITIS_LOOP_122_2_VITIS_LOOP_125_3  |      II|  -7.30|     53850|  6.481e+05|        29|         2|   26912|       yes|           -|         -|            -|            -|    -|
    | + grp_max_pooling2d_fu_2266                            |       -|  -0.08|      1623|  1.953e+04|         -|      1623|       -|        no|           -|    5 (1%)|    3552 (2%)|    6166 (8%)|    -|
    |  o VITIS_LOOP_119_1_VITIS_LOOP_122_2_VITIS_LOOP_125_3  |      II|  -7.30|      1621|  1.951e+04|        24|         2|     800|       yes|           -|         -|            -|            -|    -|
    | + grp_conv2d_1_fu_2429                                 |  Timing|   4.74|  28016929|  3.372e+08|         -|  28016929|       -|        no|     19 (4%)|   3 (~0%)|   1393 (~0%)|    1854 (2%)|    -|
    |  o VITIS_LOOP_67_1_VITIS_LOOP_70_2_VITIS_LOOP_73_3     |       -|  -7.30|  28016928|  3.372e+08|      1201|         -|   23328|        no|           -|         -|            -|            -|    -|
    |   o VITIS_LOOP_78_4_VITIS_LOOP_81_5_VITIS_LOOP_84_6    |      II|  -7.30|      1178|  1.418e+04|        31|         4|     288|       yes|           -|         -|            -|            -|    -|
    | + grp_conv2d_fu_2565                                   |  Timing|   4.74|   4630913|  5.574e+07|         -|   4630913|       -|        no|     19 (4%)|   3 (~0%)|   1216 (~0%)|    1694 (2%)|    -|
    |  o VITIS_LOOP_67_1_VITIS_LOOP_70_2_VITIS_LOOP_73_3     |       -|  -7.30|   4630912|  5.574e+07|      1196|         -|    3872|        no|           -|         -|            -|            -|    -|
    |   o VITIS_LOOP_78_4_VITIS_LOOP_81_5_VITIS_LOOP_84_6    |      II|  -7.30|      1176|  1.415e+04|        29|         4|     288|       yes|           -|         -|            -|            -|    -|
    | + grp_conv2d_2_fu_2764                                 |  Timing|   4.74|   6997121|  8.422e+07|         -|   6997121|       -|        no|     2 (~0%)|   1 (~0%)|    585 (~0%)|    1181 (1%)|    -|
    |  o VITIS_LOOP_67_1_VITIS_LOOP_70_2_VITIS_LOOP_73_3     |       -|  -7.30|   6997120|  8.422e+07|        65|         -|  107648|        no|           -|         -|            -|            -|    -|
    |   o VITIS_LOOP_78_4_VITIS_LOOP_81_5_VITIS_LOOP_84_6    |      II|  -7.30|        41|    493.476|        10|         4|       9|       yes|           -|         -|            -|            -|    -|
    | + grp_dense_relu_2_fu_2837                             |  Timing|   4.74|    205889|  2.478e+06|         -|    205889|       -|        no|    93 (21%)|         -|    346 (~0%)|    581 (~0%)|    -|
    |  o VITIS_LOOP_156_1                                    |       -|  -7.30|    205888|  2.478e+06|      3217|         -|      64|        no|           -|         -|            -|            -|    -|
    |   o VITIS_LOOP_158_2                                   |      II|  -7.30|      3205|  3.858e+04|        10|         4|     800|       yes|           -|         -|            -|            -|    -|
    | + grp_set3DFloatArray_5_fu_2878                        |       -|  -2.88|    107672|  1.296e+06|         -|    107672|       -|        no|           -|   2 (~0%)|   1018 (~0%)|     930 (1%)|    -|
    |  o VITIS_LOOP_8_1_VITIS_LOOP_10_2_VITIS_LOOP_12_3      |       -|  -7.30|    107670|  1.296e+06|        24|         1|  107648|       yes|           -|         -|            -|            -|    -|
    | + grp_set3DFloatArray_4_fu_2946                        |       -|  -3.25|     26934|  3.242e+05|         -|     26934|       -|        no|           -|   2 (~0%)|    849 (~0%)|     790 (1%)|    -|
    |  o VITIS_LOOP_8_1_VITIS_LOOP_10_2_VITIS_LOOP_12_3      |       -|  -7.30|     26932|  3.242e+05|        22|         1|   26912|       yes|           -|         -|            -|            -|    -|
    | + grp_set3DFloatArray_3_fu_3014                        |       -|  -3.25|     23350|  2.810e+05|         -|     23350|       -|        no|           -|   2 (~0%)|    849 (~0%)|     790 (1%)|    -|
    |  o VITIS_LOOP_8_1_VITIS_LOOP_10_2_VITIS_LOOP_12_3      |       -|  -7.30|     23348|  2.810e+05|        22|         1|   23328|       yes|           -|         -|            -|            -|    -|
    | + grp_dense_relu_1_fu_3082                             |  Timing|   4.74|      8737|  1.052e+05|         -|      8737|       -|        no|      5 (1%)|         -|    257 (~0%)|    322 (~0%)|    -|
    |  o VITIS_LOOP_156_1                                    |       -|  -7.30|      8736|  1.051e+05|       273|         -|      32|        no|           -|         -|            -|            -|    -|
    |   o VITIS_LOOP_158_2                                   |      II|  -7.30|       261|  3.141e+03|        10|         4|      64|       yes|           -|         -|            -|            -|    -|
    | + grp_dense_relu_fu_3092                               |  Timing|   4.74|      2305|  2.774e+04|         -|      2305|       -|        no|     1 (~0%)|         -|    249 (~0%)|    309 (~0%)|    -|
    |  o VITIS_LOOP_156_1                                    |       -|  -7.30|      2304|  2.773e+04|       144|         -|      16|        no|           -|         -|            -|            -|    -|
    |   o VITIS_LOOP_158_2                                   |      II|  -7.30|       133|  1.601e+03|        10|         4|      32|       yes|           -|         -|            -|            -|    -|
    | + grp_set3DFloatArray_2_fu_3102                        |       -|  -3.46|      5428|  6.533e+04|         -|      5428|       -|        no|           -|   2 (~0%)|    723 (~0%)|    691 (~0%)|    -|
    |  o VITIS_LOOP_8_1_VITIS_LOOP_10_2_VITIS_LOOP_12_3      |       -|  -7.30|      5426|  6.531e+04|        20|         1|    5408|       yes|           -|         -|            -|            -|    -|
    | + grp_set3DFloatArray_1_fu_3170                        |       -|  -3.54|      3891|  4.683e+04|         -|      3891|       -|        no|           -|   2 (~0%)|    662 (~0%)|    645 (~0%)|    -|
    |  o VITIS_LOOP_8_1_VITIS_LOOP_10_2_VITIS_LOOP_12_3      |       -|  -7.30|      3889|  4.681e+04|        19|         1|    3872|       yes|           -|         -|            -|            -|    -|
    | + grp_set3DFloatArray_fu_3301                          |       -|  -2.51|       814|  9.797e+03|         -|       814|       -|        no|           -|   1 (~0%)|    464 (~0%)|    567 (~0%)|    -|
    |  o VITIS_LOOP_8_1_VITIS_LOOP_10_2_VITIS_LOOP_12_3      |       -|  -7.30|       812|  9.773e+03|        14|         1|     800|       yes|           -|         -|            -|            -|    -|
    | o VITIS_LOOP_201_1                                     |       -|  -7.30|      3604|  4.338e+04|         6|         1|    3600|       yes|           -|         -|            -|            -|    -|
    | o VITIS_LOOP_31_1_VITIS_LOOP_33_2                      |       -|  -7.30|      3611|  4.346e+04|        13|         1|    3600|       yes|           -|         -|            -|            -|    -|
    | o VITIS_LOOP_22_1                                      |       -|  -7.30|        64|    770.304|         1|         1|      64|       yes|           -|         -|            -|            -|    -|
    | o VITIS_LOOP_22_1                                      |       -|  -7.30|        32|    385.152|         1|         1|      32|       yes|           -|         -|            -|            -|    -|
    | o VITIS_LOOP_22_1                                      |       -|  -7.30|        16|    192.576|         1|         1|      16|       yes|           -|         -|            -|            -|    -|
    | o VITIS_LOOP_22_1                                      |       -|  -7.30|         4|     48.144|         1|         1|       4|       yes|           -|         -|            -|            -|    -|
    | o VITIS_LOOP_177_1                                     |      II|  -7.30|       346|  4.164e+03|        90|        84|       4|       yes|           -|         -|            -|            -|    -|
    | o VITIS_LOOP_315_2                                     |       -|  -7.30|         5|     60.180|         3|         1|       4|       yes|           -|         -|            -|            -|    -|
    +--------------------------------------------------------+--------+-------+----------+-----------+----------+----------+--------+----------+------------+----------+-------------+-------------+-----+

