

================================================================
== Synthesis Summary Report of 'infer'
================================================================
+ General Information: 
    * Date:           Tue Dec 26 23:54:22 2023
    * Version:        2020.2 (Build 3064766 on Wed Nov 18 09:12:47 MST 2020)
    * Project:        cnn
    * Solution:       solution1 (Vivado IP Flow Target)
    * Product family: zynquplus
    * Target device:  xczu3eg-sbva484-1-e
    

+ Performance & Resource Estimates: 
    
    PS: '+' for module; 'o' for loop; '*' for dataflow
    +-------------------------------------------------------+------+-------+---------+-----------+----------+---------+--------+----------+-----------+-----------+-------------+-------------+-----+
    |                        Modules                        | Issue|       | Latency |  Latency  | Iteration|         |  Trip  |          |           |           |             |             |     |
    |                        & Loops                        | Type | Slack | (cycles)|    (ns)   |  Latency | Interval|  Count | Pipelined|   BRAM    |    DSP    |      FF     |     LUT     | URAM|
    +-------------------------------------------------------+------+-------+---------+-----------+----------+---------+--------+----------+-----------+-----------+-------------+-------------+-----+
    |+ infer                                                |     -|  -0.01|  8609628|  8.610e+07|         -|  8609629|       -|        no|  272 (62%)|  155 (43%)|  23207 (16%)|  25455 (36%)|    -|
    | + grp_exp_40_32_s_fu_11091                            |    II|  -1.32|        3|     30.000|         -|        1|       -|       yes|    4 (~0%)|     8 (2%)|    540 (~0%)|    428 (~0%)|    -|
    | o get_input1                                          |     -|  -7.30|   115320|  1.153e+06|      1922|        -|      60|        no|          -|          -|            -|            -|    -|
    |  o get_input1_2                                       |     -|  -7.30|     1920|  1.920e+04|        32|        -|      60|        no|          -|          -|            -|            -|    -|
    | o conv2d1_conv2d1_2_conv2d1_3                         |    II|  -7.30|   215316|  2.153e+06|        23|        2|  107648|       yes|          -|          -|            -|            -|    -|
    | o max_pooling2d1_max_pooling2d1_2_max_pooling2d1_3    |    II|  -7.30|    53825|  5.382e+05|         4|        2|   26912|       yes|          -|          -|            -|            -|    -|
    | o conv2d1_conv2d1_2_conv2d1_3                         |     -|  -7.30|  6998400|  6.998e+07|       300|        -|   23328|        no|          -|          -|            -|            -|    -|
    |  o conv2d1_4_conv2d1_5_conv2d1_6                      |     -|  -7.30|      294|  2.940e+03|         8|        1|     288|       yes|          -|          -|            -|            -|    -|
    | o max_pooling2d1_max_pooling2d1_2_max_pooling2d1_3    |    II|  -7.30|    10817|  1.082e+05|         4|        2|    5408|       yes|          -|          -|            -|            -|    -|
    | o conv2d1_conv2d1_2_conv2d1_3                         |     -|  -7.30|  1161600|  1.162e+07|       300|        -|    3872|        no|          -|          -|            -|            -|    -|
    |  o conv2d1_4_conv2d1_5_conv2d1_6                      |     -|  -7.30|      294|  2.940e+03|         8|        1|     288|       yes|          -|          -|            -|            -|    -|
    | o max_pooling2d1_max_pooling2d1_2_max_pooling2d1_3    |    II|  -7.30|     1600|  1.600e+04|         3|        2|     800|       yes|          -|          -|            -|            -|    -|
    | o VITIS_LOOP_185_1_VITIS_LOOP_186_2_VITIS_LOOP_187_3  |     -|  -7.30|      800|  8.000e+03|         2|        1|     800|       yes|          -|          -|            -|            -|    -|
    | o dense_relu1                                         |     -|  -7.30|    51648|  5.165e+05|       807|        -|      64|        no|          -|          -|            -|            -|    -|
    |  o dense_relu1_2                                      |     -|  -7.30|      803|  8.030e+03|         5|        1|     800|       yes|          -|          -|            -|            -|    -|
    | o dense_relu1                                         |     -|  -7.30|       98|    980.000|        68|        1|      32|       yes|          -|          -|            -|            -|    -|
    | o dense_relu1                                         |     -|  -7.30|       50|    500.000|        36|        1|      16|       yes|          -|          -|            -|            -|    -|
    | o dense1                                              |     -|  -7.30|        6|     60.000|         4|        1|       4|       yes|          -|          -|            -|            -|    -|
    | o softmax1                                            |     -|  -7.30|        7|     70.000|         5|        1|       4|       yes|          -|          -|            -|            -|    -|
    | o softmax2                                            |     -|  -7.30|       54|    540.000|        52|        1|       4|       yes|          -|          -|            -|            -|    -|
    | o send_result                                         |     -|  -7.30|        5|     50.000|         3|        1|       4|       yes|          -|          -|            -|            -|    -|
    +-------------------------------------------------------+------+-------+---------+-----------+----------+---------+--------+----------+-----------+-----------+-------------+-------------+-----+

