

================================================================
== Synthesis Summary Report of 'infer'
================================================================
+ General Information: 
    * Date:           Sat Dec 30 02:47:00 2023
    * Version:        2020.2 (Build 3064766 on Wed Nov 18 09:12:47 MST 2020)
    * Project:        cnn
    * Solution:       solution1 (Vivado IP Flow Target)
    * Product family: zynquplus
    * Target device:  xczu3eg-sbva484-1-e
    

+ Performance & Resource Estimates: 
    
    PS: '+' for module; 'o' for loop; '*' for dataflow
    +-------------------------------------------------------+------+-------+---------+-----------+----------+---------+-------+----------+------------+-----------+-------------+-------------+-----+
    |                        Modules                        | Issue|       | Latency |  Latency  | Iteration|         |  Trip |          |            |           |             |             |     |
    |                        & Loops                        | Type | Slack | (cycles)|    (ns)   |  Latency | Interval| Count | Pipelined|    BRAM    |    DSP    |      FF     |     LUT     | URAM|
    +-------------------------------------------------------+------+-------+---------+-----------+----------+---------+-------+----------+------------+-----------+-------------+-------------+-----+
    |+ infer                                                |     -|  -0.01|   822330|  8.223e+06|         -|   822331|      -|        no|  800 (185%)|  237 (65%)|  82222 (58%)|  47091 (66%)|    -|
    | + grp_exp_40_32_s_fu_57244                            |    II|  -1.32|        3|     30.000|         -|        1|      -|       yes|     4 (~0%)|     8 (2%)|    540 (~0%)|    428 (~0%)|    -|
    | o get_input1                                          |     -|  -7.30|   111720|  1.117e+06|      1862|        -|     60|        no|           -|          -|            -|            -|    -|
    |  o get_input1_2                                       |     -|  -7.30|     1860|  1.860e+04|        31|        -|     60|        no|           -|          -|            -|            -|    -|
    | o conv2d1_conv2d2                                     |     -|  -7.30|   309488|  3.095e+06|        92|        -|   3364|        no|           -|          -|            -|            -|    -|
    |  o conv2d3_1                                          |     -|  -7.30|       33|    330.000|         2|        1|     32|       yes|           -|          -|            -|            -|    -|
    |  o conv2d4_conv2d5                                    |     -|  -7.30|       20|    200.000|        13|        1|      9|       yes|           -|          -|            -|            -|    -|
    |  o conv2d3_3                                          |     -|  -7.30|       32|    320.000|         1|        1|     32|       yes|           -|          -|            -|            -|    -|
    | o max_pooling2d1_max_pooling2d2_max_pooling2d3        |     -|  -7.30|    26920|  2.692e+05|         9|        1|  26912|       yes|           -|          -|            -|            -|    -|
    | o conv2d1_conv2d2                                     |     -|  -7.30|   270459|  2.705e+06|       371|        -|    729|        no|           -|          -|            -|            -|    -|
    |  o conv2d3_1                                          |     -|  -7.30|       33|    330.000|         2|        1|     32|       yes|           -|          -|            -|            -|    -|
    |  o conv2d3_2_conv2d4_conv2d5                          |     -|  -7.30|      299|  2.990e+03|        13|        1|    288|       yes|           -|          -|            -|            -|    -|
    |  o conv2d3_3                                          |     -|  -7.30|       32|    320.000|         1|        1|     32|       yes|           -|          -|            -|            -|    -|
    | o max_pooling2d1_max_pooling2d2_max_pooling2d3        |     -|  -7.30|     5415|  5.415e+04|         8|        1|   5408|       yes|           -|          -|            -|            -|    -|
    | o conv2d1_conv2d2                                     |     -|  -7.30|    44770|  4.477e+05|       370|        -|    121|        no|           -|          -|            -|            -|    -|
    |  o conv2d3_1                                          |     -|  -7.30|       33|    330.000|         2|        1|     32|       yes|           -|          -|            -|            -|    -|
    |  o conv2d3_2_conv2d4_conv2d5                          |     -|  -7.30|      298|  2.980e+03|        12|        1|    288|       yes|           -|          -|            -|            -|    -|
    |  o conv2d3_3                                          |     -|  -7.30|       32|    320.000|         1|        1|     32|       yes|           -|          -|            -|            -|    -|
    | o max_pooling2d1_max_pooling2d2_max_pooling2d3        |     -|  -7.30|      801|  8.010e+03|         3|        1|    800|       yes|           -|          -|            -|            -|    -|
    | o VITIS_LOOP_187_1_VITIS_LOOP_188_2_VITIS_LOOP_189_3  |     -|  -7.30|      800|  8.000e+03|         2|        1|    800|       yes|           -|          -|            -|            -|    -|
    | o dense_relu1                                         |     -|  -7.30|    51712|  5.171e+05|       808|        -|     64|        no|           -|          -|            -|            -|    -|
    |  o dense_relu2                                        |     -|  -7.30|      803|  8.030e+03|         5|        1|    800|       yes|           -|          -|            -|            -|    -|
    | o dense_relu1                                         |     -|  -7.30|       98|    980.000|        68|        1|     32|       yes|           -|          -|            -|            -|    -|
    | o dense_relu1                                         |     -|  -7.30|       50|    500.000|        36|        1|     16|       yes|           -|          -|            -|            -|    -|
    | o dense1                                              |     -|  -7.30|        6|     60.000|         4|        1|      4|       yes|           -|          -|            -|            -|    -|
    | o softmax1_1                                          |     -|  -7.30|        7|     70.000|         5|        1|      4|       yes|           -|          -|            -|            -|    -|
    | o softmax1_2                                          |     -|  -7.30|       54|    540.000|        52|        1|      4|       yes|           -|          -|            -|            -|    -|
    | o send_result                                         |     -|  -7.30|        5|     50.000|         3|        1|      4|       yes|           -|          -|            -|            -|    -|
    +-------------------------------------------------------+------+-------+---------+-----------+----------+---------+-------+----------+------------+-----------+-------------+-------------+-----+

