

================================================================
== Vitis HLS Report for 'dense_relu'
================================================================
* Date:           Sun Dec 24 00:40:18 2023

* Version:        2020.2 (Build 3064766 on Wed Nov 18 09:12:47 MST 2020)
* Project:        cnn
* Solution:       solution1 (Vivado IP Flow Target)
* Product family: zynquplus
* Target device:  xczu3eg-sbva484-1-e


================================================================
== Performance Estimates
================================================================
+ Timing: 
    * Summary: 
    +--------+----------+-----------+------------+
    |  Clock |  Target  | Estimated | Uncertainty|
    +--------+----------+-----------+------------+
    |ap_clk  |  10.00 ns|  12.036 ns|     2.70 ns|
    +--------+----------+-----------+------------+

+ Latency: 
    * Summary: 
    +---------+---------+-----------+-----------+------+------+---------+
    |  Latency (cycles) |   Latency (absolute)  |   Interval  | Pipeline|
    |   min   |   max   |    min    |    max    |  min |  max |   Type  |
    +---------+---------+-----------+-----------+------+------+---------+
    |     2305|     2305|  27.743 us|  27.743 us|  2305|  2305|     none|
    +---------+---------+-----------+-----------+------+------+---------+

    + Detail: 
        * Instance: 
        N/A

        * Loop: 
        +------------------+---------+---------+----------+-----------+-----------+------+----------+
        |                  |  Latency (cycles) | Iteration|  Initiation Interval  | Trip |          |
        |     Loop Name    |   min   |   max   |  Latency |  achieved |   target  | Count| Pipelined|
        +------------------+---------+---------+----------+-----------+-----------+------+----------+
        |- dense_relu1     |     2304|     2304|       144|          -|          -|    16|        no|
        | + dense_relu1_2  |      133|      133|        10|          4|          1|    32|       yes|
        +------------------+---------+---------+----------+-----------+-----------+------+----------+



================================================================
== Utilization Estimates
================================================================
* Summary: 
+-----------------+---------+-----+--------+-------+-----+
|       Name      | BRAM_18K| DSP |   FF   |  LUT  | URAM|
+-----------------+---------+-----+--------+-------+-----+
|DSP              |        -|    -|       -|      -|    -|
|Expression       |        -|    -|       0|     94|    -|
|FIFO             |        -|    -|       -|      -|    -|
|Instance         |        -|    -|       -|      -|    -|
|Memory           |        1|    -|      32|      8|    -|
|Multiplexer      |        -|    -|       -|    175|    -|
|Register         |        -|    -|     217|     32|    -|
+-----------------+---------+-----+--------+-------+-----+
|Total            |        1|    0|     249|    309|    0|
+-----------------+---------+-----+--------+-------+-----+
|Available        |      432|  360|  141120|  70560|    0|
+-----------------+---------+-----+--------+-------+-----+
|Utilization (%)  |       ~0|    0|      ~0|     ~0|    0|
+-----------------+---------+-----+--------+-------+-----+

+ Detail: 
    * Instance: 
    N/A

    * DSP: 
    N/A

    * Memory: 
    +--------------------+-----------------------------+---------+----+----+-----+------+-----+------+-------------+
    |       Memory       |            Module           | BRAM_18K| FF | LUT| URAM| Words| Bits| Banks| W*Bits*Banks|
    +--------------------+-----------------------------+---------+----+----+-----+------+-----+------+-------------+
    |layer_11_bias_U     |dense_relu_layer_11_bias     |        0|  32|   8|    0|    16|   32|     1|          512|
    |layer_11_weights_U  |dense_relu_layer_11_weights  |        1|   0|   0|    0|   512|   32|     1|        16384|
    +--------------------+-----------------------------+---------+----+----+-----+------+-----+------+-------------+
    |Total               |                             |        1|  32|   8|    0|   528|   64|     2|        16896|
    +--------------------+-----------------------------+---------+----+----+-----+------+-----+------+-------------+

    * FIFO: 
    N/A

    * Expression: 
    +-----------------------+----------+----+---+----+------------+------------+
    |     Variable Name     | Operation| DSP| FF| LUT| Bitwidth P0| Bitwidth P1|
    +-----------------------+----------+----+---+----+------------+------------+
    |add_ln155_fu_164_p2    |         +|   0|  0|  12|           5|           1|
    |add_ln157_fu_185_p2    |         +|   0|  0|  13|           6|           1|
    |add_ln159_fu_214_p2    |         +|   0|  0|  16|           9|           9|
    |and_ln49_fu_257_p2     |       and|   0|  0|   2|           1|           1|
    |icmp_ln155_fu_170_p2   |      icmp|   0|  0|  10|           5|           6|
    |icmp_ln157_fu_191_p2   |      icmp|   0|  0|  10|           6|           7|
    |icmp_ln49_3_fu_247_p2  |      icmp|   0|  0|  16|          23|           1|
    |icmp_ln49_fu_241_p2    |      icmp|   0|  0|  11|           8|           2|
    |or_ln49_fu_253_p2      |        or|   0|  0|   2|           1|           1|
    |ap_enable_pp0          |       xor|   0|  0|   2|           1|           2|
    +-----------------------+----------+----+---+----+------------+------------+
    |Total                  |          |   0|  0|  94|          65|          31|
    +-----------------------+----------+----+---+----+------------+------------+

    * Multiplexer: 
    +---------------------------------+----+-----------+-----+-----------+
    |               Name              | LUT| Input Size| Bits| Total Bits|
    +---------------------------------+----+-----------+-----+-----------+
    |add108_reg_136                   |   9|          2|   32|         64|
    |ap_NS_fsm                        |  65|         16|    1|         16|
    |ap_enable_reg_pp0_iter2          |   9|          2|    1|          2|
    |ap_phi_mux_add108_phi_fu_139_p4  |   9|          2|   32|         64|
    |ap_phi_mux_ii_phi_fu_129_p4      |   9|          2|    6|         12|
    |grp_fu_146_p0                    |  14|          3|   32|         96|
    |grp_fu_146_p1                    |  14|          3|   32|         96|
    |i_reg_113                        |   9|          2|    5|         10|
    |ii_reg_125                       |   9|          2|    6|         12|
    |output_r_address0                |  14|          3|    4|         12|
    |output_r_d0                      |  14|          3|   32|         96|
    +---------------------------------+----+-----------+-----+-----------+
    |Total                            | 175|         40|  183|        480|
    +---------------------------------+----+-----------+-----+-----------+

    * Register: 
    +-------------------------+----+----+-----+-----------+
    |           Name          | FF | LUT| Bits| Const Bits|
    +-------------------------+----+----+-----+-----------+
    |add108_reg_136           |  32|   0|   32|          0|
    |add1_reg_340             |  32|   0|   32|          0|
    |add_ln155_reg_263        |   5|   0|    5|          0|
    |add_ln157_reg_291        |   6|   0|    6|          0|
    |ap_CS_fsm                |  15|   0|   15|          0|
    |ap_enable_reg_pp0_iter0  |   1|   0|    1|          0|
    |ap_enable_reg_pp0_iter1  |   1|   0|    1|          0|
    |ap_enable_reg_pp0_iter2  |   1|   0|    1|          0|
    |i_reg_113                |   5|   0|    5|          0|
    |icmp_ln157_reg_296       |   1|   0|    1|          0|
    |icmp_ln49_3_reg_351      |   1|   0|    1|          0|
    |icmp_ln49_reg_346        |   1|   0|    1|          0|
    |ii_reg_125               |   6|   0|    6|          0|
    |mul7_reg_320             |  32|   0|   32|          0|
    |output_addr_reg_276      |   4|   0|    4|          0|
    |zext_ln155_3_reg_281     |   5|   0|    9|          4|
    |zext_ln155_reg_271       |   5|   0|   64|         59|
    |icmp_ln157_reg_296       |  64|  32|    1|          0|
    +-------------------------+----+----+-----+-----------+
    |Total                    | 217|  32|  217|         63|
    +-------------------------+----+----+-----+-----------+



================================================================
== Interface
================================================================
* Summary: 
+----------------------+-----+-----+------------+--------------+--------------+
|       RTL Ports      | Dir | Bits|  Protocol  | Source Object|    C Type    |
+----------------------+-----+-----+------------+--------------+--------------+
|ap_clk                |   in|    1|  ap_ctrl_hs|    dense_relu|  return value|
|ap_rst                |   in|    1|  ap_ctrl_hs|    dense_relu|  return value|
|ap_start              |   in|    1|  ap_ctrl_hs|    dense_relu|  return value|
|ap_done               |  out|    1|  ap_ctrl_hs|    dense_relu|  return value|
|ap_idle               |  out|    1|  ap_ctrl_hs|    dense_relu|  return value|
|ap_ready              |  out|    1|  ap_ctrl_hs|    dense_relu|  return value|
|grp_fu_852_p_din0     |  out|   32|  ap_ctrl_hs|    dense_relu|  return value|
|grp_fu_852_p_din1     |  out|   32|  ap_ctrl_hs|    dense_relu|  return value|
|grp_fu_852_p_opcode   |  out|    2|  ap_ctrl_hs|    dense_relu|  return value|
|grp_fu_852_p_dout0    |   in|   32|  ap_ctrl_hs|    dense_relu|  return value|
|grp_fu_852_p_ce       |  out|    1|  ap_ctrl_hs|    dense_relu|  return value|
|grp_fu_856_p_din0     |  out|   32|  ap_ctrl_hs|    dense_relu|  return value|
|grp_fu_856_p_din1     |  out|   32|  ap_ctrl_hs|    dense_relu|  return value|
|grp_fu_856_p_dout0    |   in|   32|  ap_ctrl_hs|    dense_relu|  return value|
|grp_fu_856_p_ce       |  out|    1|  ap_ctrl_hs|    dense_relu|  return value|
|grp_fu_1954_p_din0    |  out|   32|  ap_ctrl_hs|    dense_relu|  return value|
|grp_fu_1954_p_din1    |  out|   32|  ap_ctrl_hs|    dense_relu|  return value|
|grp_fu_1954_p_opcode  |  out|    5|  ap_ctrl_hs|    dense_relu|  return value|
|grp_fu_1954_p_dout0   |   in|    1|  ap_ctrl_hs|    dense_relu|  return value|
|grp_fu_1954_p_ce      |  out|    1|  ap_ctrl_hs|    dense_relu|  return value|
|input_r_address0      |  out|    5|   ap_memory|       input_r|         array|
|input_r_ce0           |  out|    1|   ap_memory|       input_r|         array|
|input_r_q0            |   in|   32|   ap_memory|       input_r|         array|
|output_r_address0     |  out|    4|   ap_memory|      output_r|         array|
|output_r_ce0          |  out|    1|   ap_memory|      output_r|         array|
|output_r_we0          |  out|    1|   ap_memory|      output_r|         array|
|output_r_d0           |  out|   32|   ap_memory|      output_r|         array|
|output_r_q0           |   in|   32|   ap_memory|      output_r|         array|
+----------------------+-----+-----+------------+--------------+--------------+

