

================================================================
== Vitis HLS Report for 'infer'
================================================================
* Date:           Fri Dec 22 04:15:36 2023

* Version:        2020.2 (Build 3064766 on Wed Nov 18 09:12:45 MST 2020)
* Project:        cnn
* Solution:       solution1 (Vivado IP Flow Target)
* Product family: zynquplus
* Target device:  xczu3eg-sbva484-1-e


================================================================
== Performance Estimates
================================================================
+ Timing: 
    * Summary: 
    +--------+----------+-----------+------------+
    |  Clock |  Target  | Estimated | Uncertainty|
    +--------+----------+-----------+------------+
    |ap_clk  |  10.00 ns|  12.036 ns|     2.70 ns|
    +--------+----------+-----------+------------+

+ Latency: 
    * Summary: 
    +---------+---------+-----------+-----------+---------+---------+---------+
    |  Latency (cycles) |   Latency (absolute)  |      Interval     | Pipeline|
    |   min   |   max   |    min    |    max    |   min   |   max   |   Type  |
    +---------+---------+-----------+-----------+---------+---------+---------+
    |  4242308|  4242308|  51.060 ms|  51.060 ms|  4242309|  4242309|     none|
    +---------+---------+-----------+-----------+---------+---------+---------+

    + Detail: 
        * Instance: 
        +------------------------------+-------------------+---------+---------+-----------+-----------+---------+---------+---------+
        |                              |                   |  Latency (cycles) |   Latency (absolute)  |      Interval     | Pipeline|
        |           Instance           |       Module      |   min   |   max   |    min    |    max    |   min   |   max   |   Type  |
        +------------------------------+-------------------+---------+---------+-----------+-----------+---------+---------+---------+
        |grp_conv2d_1_fu_801           |conv2d_1           |  1099649|  1099649|  13.235 ms|  13.235 ms|  1099649|  1099649|     none|
        |grp_conv2d_fu_820             |conv2d             |  3115585|  3115585|  37.499 ms|  37.499 ms|  3115585|  3115585|     none|
        |grp_set3DFloatArray_2_fu_832  |set3DFloatArray_2  |    15509|    15509|   0.187 ms|   0.187 ms|    15509|    15509|     none|
        |grp_set3DFloatArray_fu_846    |set3DFloatArray    |     2608|     2608|  31.390 us|  31.390 us|     2608|     2608|     none|
        |grp_set3DFloatArray_1_fu_852  |set3DFloatArray_1  |     3891|     3891|  46.832 us|  46.832 us|     3891|     3891|     none|
        +------------------------------+-------------------+---------+---------+-----------+-----------+---------+---------+---------+

        * Loop: 
        +------------------------------------------------------+---------+---------+----------+-----------+-----------+------+----------+
        |                                                      |  Latency (cycles) | Iteration|  Initiation Interval  | Trip |          |
        |                       Loop Name                      |   min   |   max   |  Latency |  achieved |   target  | Count| Pipelined|
        +------------------------------------------------------+---------+---------+----------+-----------+-----------+------+----------+
        |- VITIS_LOOP_198_1                                    |      581|      581|         7|          1|          1|   576|       yes|
        |- VITIS_LOOP_31_1_VITIS_LOOP_33_2                     |      587|      587|        13|          1|          1|   576|       yes|
        |- VITIS_LOOP_121_1_VITIS_LOOP_124_2_VITIS_LOOP_127_3  |     7771|     7771|        30|          2|          1|  3872|       yes|
        |- VITIS_LOOP_308_2                                    |        4|        4|         2|          1|          1|     4|       yes|
        +------------------------------------------------------+---------+---------+----------+-----------+-----------+------+----------+



================================================================
== Utilization Estimates
================================================================
* Summary: 
+-----------------+---------+-----+--------+-------+-----+
|       Name      | BRAM_18K| DSP |   FF   |  LUT  | URAM|
+-----------------+---------+-----+--------+-------+-----+
|DSP              |        -|    3|       -|      -|    -|
|Expression       |        -|    -|       0|   3173|    -|
|FIFO             |        -|    -|       -|      -|    -|
|Instance         |       21|   10|    7048|   7556|    -|
|Memory           |       58|    -|       0|      0|    -|
|Multiplexer      |        -|    -|       -|   1659|    -|
|Register         |        -|    -|    3554|   1376|    -|
+-----------------+---------+-----+--------+-------+-----+
|Total            |       79|   13|   10602|  13764|    0|
+-----------------+---------+-----+--------+-------+-----+
|Available        |      432|  360|  141120|  70560|    0|
+-----------------+---------+-----+--------+-------+-----+
|Utilization (%)  |       18|    3|       7|     19|    0|
+-----------------+---------+-----+--------+-------+-----+

+ Detail: 
    * Instance: 
    +------------------------------------+--------------------------------+---------+----+------+------+-----+
    |              Instance              |             Module             | BRAM_18K| DSP|  FF  |  LUT | URAM|
    +------------------------------------+--------------------------------+---------+----+------+------+-----+
    |grp_conv2d_fu_820                   |conv2d                          |       19|   1|  1340|  1591|    0|
    |grp_conv2d_1_fu_801                 |conv2d_1                        |        2|   1|   814|  1722|    0|
    |fadd_32ns_32ns_32_5_full_dsp_1_U77  |fadd_32ns_32ns_32_5_full_dsp_1  |        0|   2|   205|   206|    0|
    |fcmp_32ns_32ns_1_2_no_dsp_1_U67     |fcmp_32ns_32ns_1_2_no_dsp_1     |        0|   0|     0|     0|    0|
    |fcmp_32ns_32ns_1_2_no_dsp_1_U68     |fcmp_32ns_32ns_1_2_no_dsp_1     |        0|   0|     0|     0|    0|
    |fdiv_32ns_32ns_32_10_no_dsp_1_U65   |fdiv_32ns_32ns_32_10_no_dsp_1   |        0|   0|     0|     0|    0|
    |fmul_32ns_32ns_32_4_max_dsp_1_U78   |fmul_32ns_32ns_32_4_max_dsp_1   |        0|   3|   143|   140|    0|
    |grp_set3DFloatArray_fu_846          |set3DFloatArray                 |        0|   0|   519|   651|    0|
    |grp_set3DFloatArray_1_fu_852        |set3DFloatArray_1               |        0|   1|   657|   657|    0|
    |grp_set3DFloatArray_2_fu_832        |set3DFloatArray_2               |        0|   2|   785|   744|    0|
    |sitofp_32ns_32_4_no_dsp_1_U66       |sitofp_32ns_32_4_no_dsp_1       |        0|   0|     0|     0|    0|
    |urem_12ns_12ns_12_16_1_U73          |urem_12ns_12ns_12_16_1          |        0|   0|   399|   281|    0|
    |urem_14ns_12ns_14_18_1_U69          |urem_14ns_12ns_14_18_1          |        0|   0|   517|   369|    0|
    |urem_14ns_12ns_14_18_1_U70          |urem_14ns_12ns_14_18_1          |        0|   0|   517|   369|    0|
    |urem_15ns_12ns_15_19_1_U71          |urem_15ns_12ns_15_19_1          |        0|   0|   576|   413|    0|
    |urem_15ns_12ns_15_19_1_U72          |urem_15ns_12ns_15_19_1          |        0|   0|   576|   413|    0|
    +------------------------------------+--------------------------------+---------+----+------+------+-----+
    |Total                               |                                |       21|  10|  7048|  7556|    0|
    +------------------------------------+--------------------------------+---------+----+------+------+-----+

    * DSP: 
    +------------------------------------+--------------------------------+--------------+
    |              Instance              |             Module             |  Expression  |
    +------------------------------------+--------------------------------+--------------+
    |mac_muladd_4ns_10ns_6ns_12_4_1_U76  |mac_muladd_4ns_10ns_6ns_12_4_1  |  i0 * i1 + i2|
    |mul_mul_5ns_11ns_14_4_1_U74         |mul_mul_5ns_11ns_14_4_1         |       i0 * i1|
    |mul_mul_5ns_11ns_15_4_1_U75         |mul_mul_5ns_11ns_15_4_1         |       i0 * i1|
    +------------------------------------+--------------------------------+--------------+

    * Memory: 
    +--------------------+------------------+---------+---+----+-----+------+-----+------+-------------+
    |       Memory       |      Module      | BRAM_18K| FF| LUT| URAM| Words| Bits| Banks| W*Bits*Banks|
    +--------------------+------------------+---------+---+----+-----+------+-----+------+-------------+
    |image_input_U       |image_input       |        2|  0|   0|    0|   576|   32|     1|        18432|
    |layer_2_output_0_U  |layer_2_output_0  |        4|  0|   0|    0|  1549|   32|     1|        49568|
    |layer_2_output_1_U  |layer_2_output_0  |        4|  0|   0|    0|  1549|   32|     1|        49568|
    |layer_2_output_2_U  |layer_2_output_0  |        4|  0|   0|    0|  1549|   32|     1|        49568|
    |layer_2_output_3_U  |layer_2_output_0  |        4|  0|   0|    0|  1549|   32|     1|        49568|
    |layer_2_output_4_U  |layer_2_output_0  |        4|  0|   0|    0|  1549|   32|     1|        49568|
    |layer_2_output_5_U  |layer_2_output_0  |        4|  0|   0|    0|  1549|   32|     1|        49568|
    |layer_2_output_6_U  |layer_2_output_0  |        4|  0|   0|    0|  1549|   32|     1|        49568|
    |layer_2_output_7_U  |layer_2_output_0  |        4|  0|   0|    0|  1549|   32|     1|        49568|
    |layer_2_output_8_U  |layer_2_output_0  |        4|  0|   0|    0|  1549|   32|     1|        49568|
    |layer_2_output_9_U  |layer_2_output_9  |        4|  0|   0|    0|  1547|   32|     1|        49504|
    |layer_3_output_0_U  |layer_3_output_0  |        4|  0|   0|    0|  1936|   32|     1|        61952|
    |layer_3_output_1_U  |layer_3_output_0  |        4|  0|   0|    0|  1936|   32|     1|        61952|
    |layer_4_output_0_U  |layer_4_output_0  |        4|  0|   0|    0|  1296|   32|     1|        41472|
    |layer_4_output_1_U  |layer_4_output_0  |        4|  0|   0|    0|  1296|   32|     1|        41472|
    +--------------------+------------------+---------+---+----+-----+------+-----+------+-------------+
    |Total               |                  |       58|  0|   0|    0| 22528|  480|    15|       720896|
    +--------------------+------------------+---------+---+----+-----+------+-----+------+-------------+

    * FIFO: 
    N/A

    * Expression: 
    +-----------------------------------+----------+----+---+----+------------+------------+
    |           Variable Name           | Operation| DSP| FF| LUT| Bitwidth P0| Bitwidth P1|
    +-----------------------------------+----------+----+---+----+------------+------------+
    |add_ln121_1_fu_1025_p2             |         +|   0|  0|  12|           5|           2|
    |add_ln121_fu_1063_p2               |         +|   0|  0|  19|          12|           1|
    |add_ln124_1_fu_1072_p2             |         +|   0|  0|  17|          10|           1|
    |add_ln124_fu_1145_p2               |         +|   0|  0|  12|           5|           2|
    |add_ln127_fu_1776_p2               |         +|   0|  0|  13|           6|           1|
    |add_ln136_10_fu_1321_p2            |         +|   0|  0|  22|          15|          15|
    |add_ln136_11_fu_1333_p2            |         +|   0|  0|  22|          15|          15|
    |add_ln136_12_fu_1345_p2            |         +|   0|  0|  22|          15|          15|
    |add_ln136_13_fu_1379_p2            |         +|   0|  0|  22|          15|          12|
    |add_ln136_14_fu_1391_p2            |         +|   0|  0|  22|          15|          13|
    |add_ln136_15_fu_1403_p2            |         +|   0|  0|  22|          15|          14|
    |add_ln136_16_fu_1415_p2            |         +|   0|  0|  22|          15|          14|
    |add_ln136_17_fu_1427_p2            |         +|   0|  0|  21|          14|          14|
    |add_ln136_18_fu_1439_p2            |         +|   0|  0|  22|          15|          15|
    |add_ln136_19_fu_1451_p2            |         +|   0|  0|  22|          15|          15|
    |add_ln136_1_fu_1261_p2             |         +|   0|  0|  22|          15|          12|
    |add_ln136_20_fu_1463_p2            |         +|   0|  0|  22|          15|          15|
    |add_ln136_21_fu_1514_p2            |         +|   0|  0|  23|          16|          12|
    |add_ln136_22_fu_1526_p2            |         +|   0|  0|  23|          16|          13|
    |add_ln136_23_fu_1538_p2            |         +|   0|  0|  23|          16|          14|
    |add_ln136_24_fu_1550_p2            |         +|   0|  0|  22|          15|          14|
    |add_ln136_25_fu_1562_p2            |         +|   0|  0|  22|          15|          14|
    |add_ln136_26_fu_1574_p2            |         +|   0|  0|  22|          15|          15|
    |add_ln136_27_fu_1586_p2            |         +|   0|  0|  22|          15|          15|
    |add_ln136_28_fu_1598_p2            |         +|   0|  0|  22|          15|          15|
    |add_ln136_29_fu_1667_p2            |         +|   0|  0|  23|          16|          12|
    |add_ln136_2_fu_1357_p2             |         +|   0|  0|  21|          14|          14|
    |add_ln136_30_fu_1679_p2            |         +|   0|  0|  23|          16|          13|
    |add_ln136_31_fu_1691_p2            |         +|   0|  0|  23|          16|          14|
    |add_ln136_32_fu_1703_p2            |         +|   0|  0|  23|          16|          14|
    |add_ln136_33_fu_1715_p2            |         +|   0|  0|  22|          15|          14|
    |add_ln136_34_fu_1726_p2            |         +|   0|  0|  22|          15|          15|
    |add_ln136_35_fu_1737_p2            |         +|   0|  0|  22|          15|          15|
    |add_ln136_36_fu_1748_p2            |         +|   0|  0|  22|          15|          15|
    |add_ln136_4_fu_1492_p2             |         +|   0|  0|  22|          15|          15|
    |add_ln136_5_fu_1610_p2             |         +|   0|  0|  22|          15|          15|
    |add_ln136_6_fu_1273_p2             |         +|   0|  0|  22|          15|          13|
    |add_ln136_7_fu_1285_p2             |         +|   0|  0|  22|          15|          14|
    |add_ln136_8_fu_1297_p2             |         +|   0|  0|  22|          15|          14|
    |add_ln136_9_fu_1309_p2             |         +|   0|  0|  21|          14|          14|
    |add_ln136_fu_1239_p2               |         +|   0|  0|  21|          14|          14|
    |add_ln142_fu_1759_p2               |         +|   0|  0|  19|          12|          12|
    |add_ln198_fu_875_p2                |         +|   0|  0|  17|          10|           1|
    |add_ln308_fu_2392_p2               |         +|   0|  0|  10|           3|           1|
    |add_ln31_1_fu_944_p2               |         +|   0|  0|  12|           5|           1|
    |add_ln31_fu_892_p2                 |         +|   0|  0|  17|          10|           1|
    |add_ln33_fu_1007_p2                |         +|   0|  0|  12|           5|           1|
    |empty_25_fu_996_p2                 |         +|   0|  0|  17|          10|          10|
    |empty_23_fu_918_p2                 |         -|   0|  0|  17|          10|          10|
    |p_mid1_fu_970_p2                   |         -|   0|  0|  17|          10|          10|
    |and_ln136_1_fu_2060_p2             |       and|   0|  0|   2|           1|           1|
    |and_ln136_2_fu_2066_p2             |       and|   0|  0|   2|           1|           1|
    |and_ln136_3_fu_2217_p2             |       and|   0|  0|   2|           1|           1|
    |and_ln136_4_fu_2223_p2             |       and|   0|  0|   2|           1|           1|
    |and_ln136_5_fu_2367_p2             |       and|   0|  0|   2|           1|           1|
    |and_ln136_6_fu_2373_p2             |       and|   0|  0|   2|           1|           1|
    |and_ln136_fu_1914_p2               |       and|   0|  0|   2|           1|           1|
    |ap_block_pp0_stage0_11001          |       and|   0|  0|   2|           1|           1|
    |ap_block_pp3_stage0_01001          |       and|   0|  0|   2|           1|           1|
    |ap_block_state3_pp0_stage0_iter1   |       and|   0|  0|   2|           1|           1|
    |ap_block_state62_pp3_stage0_iter1  |       and|   0|  0|   2|           1|           1|
    |icmp_ln127_mid260_fu_1139_p2       |       and|   0|  0|   2|           1|           1|
    |icmp_ln121_fu_1013_p2              |      icmp|   0|  0|  12|          12|           9|
    |icmp_ln124_fu_1019_p2              |      icmp|   0|  0|  11|          10|           9|
    |icmp_ln127_fu_1133_p2              |      icmp|   0|  0|  10|           6|           7|
    |icmp_ln136_10_fu_1902_p2           |      icmp|   0|  0|  16|          23|           1|
    |icmp_ln136_11_fu_1373_p2           |      icmp|   0|  0|  12|          14|          11|
    |icmp_ln136_12_fu_1385_p2           |      icmp|   0|  0|  12|          15|          11|
    |icmp_ln136_13_fu_1397_p2           |      icmp|   0|  0|  12|          15|          11|
    |icmp_ln136_14_fu_1409_p2           |      icmp|   0|  0|  12|          15|          11|
    |icmp_ln136_15_fu_1421_p2           |      icmp|   0|  0|  12|          15|          11|
    |icmp_ln136_16_fu_1433_p2           |      icmp|   0|  0|  12|          14|          11|
    |icmp_ln136_17_fu_1445_p2           |      icmp|   0|  0|  12|          15|          11|
    |icmp_ln136_18_fu_1457_p2           |      icmp|   0|  0|  12|          15|          11|
    |icmp_ln136_19_fu_1469_p2           |      icmp|   0|  0|  12|          15|          11|
    |icmp_ln136_1_fu_1267_p2            |      icmp|   0|  0|  12|          15|          11|
    |icmp_ln136_20_fu_2024_p2           |      icmp|   0|  0|  11|           8|           2|
    |icmp_ln136_21_fu_2030_p2           |      icmp|   0|  0|  16|          23|           1|
    |icmp_ln136_22_fu_2042_p2           |      icmp|   0|  0|  11|           8|           2|
    |icmp_ln136_23_fu_2048_p2           |      icmp|   0|  0|  16|          23|           1|
    |icmp_ln136_24_fu_1508_p2           |      icmp|   0|  0|  12|          15|          11|
    |icmp_ln136_25_fu_1520_p2           |      icmp|   0|  0|  13|          16|          11|
    |icmp_ln136_26_fu_1532_p2           |      icmp|   0|  0|  13|          16|          11|
    |icmp_ln136_27_fu_1544_p2           |      icmp|   0|  0|  13|          16|          11|
    |icmp_ln136_28_fu_1556_p2           |      icmp|   0|  0|  12|          15|          11|
    |icmp_ln136_29_fu_1568_p2           |      icmp|   0|  0|  12|          15|          11|
    |icmp_ln136_2_fu_1279_p2            |      icmp|   0|  0|  12|          15|          11|
    |icmp_ln136_30_fu_1580_p2           |      icmp|   0|  0|  12|          15|          11|
    |icmp_ln136_31_fu_1592_p2           |      icmp|   0|  0|  12|          15|          11|
    |icmp_ln136_32_fu_1604_p2           |      icmp|   0|  0|  12|          15|          11|
    |icmp_ln136_33_fu_2181_p2           |      icmp|   0|  0|  11|           8|           2|
    |icmp_ln136_34_fu_2187_p2           |      icmp|   0|  0|  16|          23|           1|
    |icmp_ln136_35_fu_2199_p2           |      icmp|   0|  0|  11|           8|           2|
    |icmp_ln136_36_fu_2205_p2           |      icmp|   0|  0|  16|          23|           1|
    |icmp_ln136_37_fu_1662_p2           |      icmp|   0|  0|  12|          15|          11|
    |icmp_ln136_38_fu_1673_p2           |      icmp|   0|  0|  13|          16|          11|
    |icmp_ln136_39_fu_1685_p2           |      icmp|   0|  0|  13|          16|          11|
    |icmp_ln136_3_fu_1291_p2            |      icmp|   0|  0|  12|          15|          11|
    |icmp_ln136_40_fu_1697_p2           |      icmp|   0|  0|  13|          16|          11|
    |icmp_ln136_41_fu_1709_p2           |      icmp|   0|  0|  13|          16|          11|
    |icmp_ln136_42_fu_1720_p2           |      icmp|   0|  0|  12|          15|          11|
    |icmp_ln136_43_fu_1731_p2           |      icmp|   0|  0|  12|          15|          11|
    |icmp_ln136_44_fu_1742_p2           |      icmp|   0|  0|  12|          15|          11|
    |icmp_ln136_45_fu_1753_p2           |      icmp|   0|  0|  12|          15|          11|
    |icmp_ln136_46_fu_2316_p2           |      icmp|   0|  0|  11|           8|           2|
    |icmp_ln136_47_fu_2322_p2           |      icmp|   0|  0|  16|          23|           1|
    |icmp_ln136_48_fu_2349_p2           |      icmp|   0|  0|  11|           8|           2|
    |icmp_ln136_49_fu_2355_p2           |      icmp|   0|  0|  16|          23|           1|
    |icmp_ln136_4_fu_1303_p2            |      icmp|   0|  0|  12|          15|          11|
    |icmp_ln136_5_fu_1315_p2            |      icmp|   0|  0|  12|          14|          11|
    |icmp_ln136_6_fu_1327_p2            |      icmp|   0|  0|  12|          15|          11|
    |icmp_ln136_7_fu_1339_p2            |      icmp|   0|  0|  12|          15|          11|
    |icmp_ln136_8_fu_1351_p2            |      icmp|   0|  0|  12|          15|          11|
    |icmp_ln136_9_fu_1896_p2            |      icmp|   0|  0|  11|           8|           2|
    |icmp_ln136_fu_1255_p2              |      icmp|   0|  0|  12|          14|          11|
    |icmp_ln142_fu_1770_p2              |      icmp|   0|  0|  12|          12|          11|
    |icmp_ln198_fu_881_p2               |      icmp|   0|  0|  11|          10|          10|
    |icmp_ln308_fu_2398_p2              |      icmp|   0|  0|   9|           3|           4|
    |icmp_ln31_fu_924_p2                |      icmp|   0|  0|  11|          10|          10|
    |icmp_ln33_fu_930_p2                |      icmp|   0|  0|   9|           5|           5|
    |ap_block_state24_on_subcall_done   |        or|   0|  0|   2|           1|           1|
    |or_ln124_fu_1151_p2                |        or|   0|  0|   2|           1|           1|
    |or_ln136_1_fu_1908_p2              |        or|   0|  0|   2|           1|           1|
    |or_ln136_2_fu_2036_p2              |        or|   0|  0|   2|           1|           1|
    |or_ln136_3_fu_2054_p2              |        or|   0|  0|   2|           1|           1|
    |or_ln136_4_fu_2193_p2              |        or|   0|  0|   2|           1|           1|
    |or_ln136_5_fu_2211_p2              |        or|   0|  0|   2|           1|           1|
    |or_ln136_6_fu_2345_p2              |        or|   0|  0|   2|           1|           1|
    |or_ln136_7_fu_2361_p2              |        or|   0|  0|   2|           1|           1|
    |or_ln136_8_fu_1188_p2              |        or|   0|  0|   5|           1|           5|
    |or_ln136_fu_1093_p2                |        or|   0|  0|   5|           5|           1|
    |p_mid234_v_v_fu_1053_p2            |        or|   0|  0|   5|           5|           1|
    |ii_1_mid223_fu_1107_p3             |    select|   0|  0|   5|           1|           1|
    |p_mid228_v_v_v_fu_1031_p3          |    select|   0|  0|   5|           1|           5|
    |select_ln124_1_fu_1638_p3          |    select|   0|  0|   8|           1|           9|
    |select_ln124_2_fu_1172_p3          |    select|   0|  0|   9|           1|          10|
    |select_ln124_3_fu_1202_p3          |    select|   0|  0|   9|           1|          10|
    |select_ln124_4_fu_1649_p3          |    select|   0|  0|   5|           1|           5|
    |select_ln124_5_fu_1078_p3          |    select|   0|  0|   9|           1|           1|
    |select_ln124_fu_1156_p3            |    select|   0|  0|   6|           1|           1|
    |select_ln136_10_fu_1844_p3         |    select|   0|  0|  32|           1|          32|
    |select_ln136_11_fu_1851_p3         |    select|   0|  0|  32|           1|          32|
    |select_ln136_12_fu_1858_p3         |    select|   0|  0|  32|           1|          32|
    |select_ln136_13_fu_1865_p3         |    select|   0|  0|  32|           1|          32|
    |select_ln136_14_fu_1872_p3         |    select|   0|  0|  32|           1|          32|
    |select_ln136_15_fu_1928_p3         |    select|   0|  0|  32|           1|          32|
    |select_ln136_16_fu_1934_p3         |    select|   0|  0|  32|           1|          32|
    |select_ln136_17_fu_1941_p3         |    select|   0|  0|  32|           1|          32|
    |select_ln136_18_fu_1948_p3         |    select|   0|  0|  32|           1|          32|
    |select_ln136_19_fu_1955_p3         |    select|   0|  0|  32|           1|          32|
    |select_ln136_1_fu_2072_p3          |    select|   0|  0|  32|           1|          32|
    |select_ln136_20_fu_1962_p3         |    select|   0|  0|  32|           1|          32|
    |select_ln136_21_fu_1969_p3         |    select|   0|  0|  32|           1|          32|
    |select_ln136_22_fu_2078_p3         |    select|   0|  0|  32|           1|          32|
    |select_ln136_23_fu_2085_p3         |    select|   0|  0|  32|           1|          32|
    |select_ln136_24_fu_2092_p3         |    select|   0|  0|  32|           1|          32|
    |select_ln136_25_fu_2099_p3         |    select|   0|  0|  32|           1|          32|
    |select_ln136_26_fu_2106_p3         |    select|   0|  0|  32|           1|          32|
    |select_ln136_27_fu_2113_p3         |    select|   0|  0|  32|           1|          32|
    |select_ln136_28_fu_2120_p3         |    select|   0|  0|  32|           1|          32|
    |select_ln136_29_fu_2127_p3         |    select|   0|  0|  32|           1|          32|
    |select_ln136_2_fu_2229_p3          |    select|   0|  0|  32|           1|          32|
    |select_ln136_30_fu_2134_p3         |    select|   0|  0|  32|           1|          32|
    |select_ln136_31_fu_2235_p3         |    select|   0|  0|  32|           1|          32|
    |select_ln136_32_fu_2242_p3         |    select|   0|  0|  32|           1|          32|
    |select_ln136_33_fu_2249_p3         |    select|   0|  0|  32|           1|          32|
    |select_ln136_34_fu_2255_p3         |    select|   0|  0|  32|           1|          32|
    |select_ln136_35_fu_2262_p3         |    select|   0|  0|  32|           1|          32|
    |select_ln136_36_fu_2269_p3         |    select|   0|  0|  32|           1|          32|
    |select_ln136_37_fu_2276_p3         |    select|   0|  0|  32|           1|          32|
    |select_ln136_38_fu_2283_p3         |    select|   0|  0|  32|           1|          32|
    |select_ln136_39_fu_2290_p3         |    select|   0|  0|  32|           1|          32|
    |select_ln136_3_fu_2379_p3          |    select|   0|  0|  32|           1|          32|
    |select_ln136_4_fu_1802_p3          |    select|   0|  0|  32|           1|          32|
    |select_ln136_5_fu_1809_p3          |    select|   0|  0|  32|           1|          32|
    |select_ln136_6_fu_1816_p3          |    select|   0|  0|  32|           1|          32|
    |select_ln136_7_fu_1823_p3          |    select|   0|  0|  32|           1|          32|
    |select_ln136_8_fu_1830_p3          |    select|   0|  0|  32|           1|          32|
    |select_ln136_9_fu_1837_p3          |    select|   0|  0|  32|           1|          32|
    |select_ln136_fu_1920_p3            |    select|   0|  0|  32|           1|          32|
    |select_ln31_1_fu_976_p3            |    select|   0|  0|   9|           1|          10|
    |select_ln31_2_fu_984_p3            |    select|   0|  0|   5|           1|           5|
    |select_ln31_fu_936_p3              |    select|   0|  0|   5|           1|           1|
    |zext_ln127_mid256_fu_1121_p3       |    select|   0|  0|   9|           1|           6|
    |zext_ln136_2_mid246_fu_1114_p3     |    select|   0|  0|   9|           1|           1|
    |zext_ln136_mid240_fu_1624_p3       |    select|   0|  0|   8|           1|           1|
    |ap_enable_pp0                      |       xor|   0|  0|   2|           1|           2|
    |ap_enable_pp1                      |       xor|   0|  0|   2|           1|           2|
    |ap_enable_pp2                      |       xor|   0|  0|   2|           1|           2|
    |ap_enable_pp3                      |       xor|   0|  0|   2|           1|           2|
    |ap_enable_reg_pp0_iter1            |       xor|   0|  0|   2|           2|           1|
    |ap_enable_reg_pp1_iter1            |       xor|   0|  0|   2|           2|           1|
    |ap_enable_reg_pp3_iter1            |       xor|   0|  0|   2|           2|           1|
    |not_exitcond_flatten12_fu_1128_p2  |       xor|   0|  0|   2|           1|           2|
    +-----------------------------------+----------+----+---+----+------------+------------+
    |Total                              |          |   0|  0|3173|        1581|        2429|
    +-----------------------------------+----------+----+---+----+------------+------------+

    * Multiplexer: 
    +-------------------------------------------+----+-----------+-----+-----------+
    |                    Name                   | LUT| Input Size| Bits| Total Bits|
    +-------------------------------------------+----+-----------+-----+-----------+
    |ap_NS_fsm                                  |  81|         17|    1|         17|
    |ap_enable_reg_pp0_iter1                    |   9|          2|    1|          2|
    |ap_enable_reg_pp0_iter6                    |   9|          2|    1|          2|
    |ap_enable_reg_pp1_iter1                    |   9|          2|    1|          2|
    |ap_enable_reg_pp1_iter12                   |   9|          2|    1|          2|
    |ap_enable_reg_pp2_iter14                   |   9|          2|    1|          2|
    |ap_enable_reg_pp2_iter3                    |   9|          2|    1|          2|
    |ap_enable_reg_pp3_iter1                    |  14|          3|    1|          3|
    |ap_phi_mux_i_2_phi_fu_748_p4               |   9|          2|    5|         10|
    |ap_phi_mux_i_phi_fu_691_p4                 |   9|          2|   10|         20|
    |ap_phi_mux_ii_1_phi_fu_771_p4              |   9|          2|    5|         10|
    |ap_phi_mux_iii_phi_fu_783_p4               |   9|          2|    6|         12|
    |ap_phi_mux_indvar_flatten10_phi_fu_759_p4  |   9|          2|   10|         20|
    |ap_phi_mux_indvar_flatten61_phi_fu_736_p4  |   9|          2|   12|         24|
    |grp_fu_3097_ce                             |  14|          3|    1|          3|
    |grp_fu_3097_p0                             |   9|          2|   32|         64|
    |grp_fu_3097_p1                             |   9|          2|   32|         64|
    |grp_fu_3101_ce                             |  14|          3|    1|          3|
    |grp_fu_3101_p0                             |   9|          2|   32|         64|
    |grp_fu_3101_p1                             |   9|          2|   32|         64|
    |grp_fu_866_ce                              |  14|          3|    1|          3|
    |grp_fu_866_opcode                          |  14|          3|    5|         15|
    |grp_fu_866_p0                              |  26|          5|   32|        160|
    |grp_fu_866_p1                              |  26|          5|   32|        160|
    |grp_fu_871_p0                              |  14|          3|   32|         96|
    |grp_fu_871_p1                              |  14|          3|   32|         96|
    |i_1_reg_710                                |   9|          2|    5|         10|
    |i_2_reg_744                                |   9|          2|    5|         10|
    |i_3_reg_790                                |   9|          2|    3|          6|
    |i_reg_687                                  |   9|          2|   10|         20|
    |ii_1_reg_767                               |   9|          2|    5|         10|
    |ii_reg_721                                 |   9|          2|    5|         10|
    |iii_reg_779                                |   9|          2|    6|         12|
    |image_input_address0                       |  20|          4|   10|         40|
    |image_input_ce0                            |  14|          3|    1|          3|
    |image_input_d0                             |  14|          3|   32|         96|
    |indvar_flatten10_reg_755                   |   9|          2|   10|         20|
    |indvar_flatten61_reg_732                   |   9|          2|   12|         24|
    |indvar_flatten_reg_699                     |   9|          2|   10|         20|
    |infer_input_V_blk_n                        |   9|          2|    1|          2|
    |infer_output_V_blk_n                       |   9|          2|    1|          2|
    |layer_2_output_0_address0                  |  26|          5|   11|         55|
    |layer_2_output_0_address1                  |  14|          3|   11|         33|
    |layer_2_output_0_ce0                       |  20|          4|    1|          4|
    |layer_2_output_0_d0                        |  14|          3|   32|         96|
    |layer_2_output_0_we0                       |  14|          3|    1|          3|
    |layer_2_output_1_address0                  |  26|          5|   11|         55|
    |layer_2_output_1_address1                  |  14|          3|   11|         33|
    |layer_2_output_1_ce0                       |  20|          4|    1|          4|
    |layer_2_output_1_d0                        |  14|          3|   32|         96|
    |layer_2_output_1_we0                       |  14|          3|    1|          3|
    |layer_2_output_2_address0                  |  26|          5|   11|         55|
    |layer_2_output_2_address1                  |  14|          3|   11|         33|
    |layer_2_output_2_ce0                       |  20|          4|    1|          4|
    |layer_2_output_2_d0                        |  14|          3|   32|         96|
    |layer_2_output_2_we0                       |  14|          3|    1|          3|
    |layer_2_output_3_address0                  |  26|          5|   11|         55|
    |layer_2_output_3_address1                  |  14|          3|   11|         33|
    |layer_2_output_3_ce0                       |  20|          4|    1|          4|
    |layer_2_output_3_d0                        |  14|          3|   32|         96|
    |layer_2_output_3_we0                       |  14|          3|    1|          3|
    |layer_2_output_4_address0                  |  26|          5|   11|         55|
    |layer_2_output_4_address1                  |  14|          3|   11|         33|
    |layer_2_output_4_ce0                       |  20|          4|    1|          4|
    |layer_2_output_4_d0                        |  14|          3|   32|         96|
    |layer_2_output_4_we0                       |  14|          3|    1|          3|
    |layer_2_output_5_address0                  |  26|          5|   11|         55|
    |layer_2_output_5_address1                  |  14|          3|   11|         33|
    |layer_2_output_5_ce0                       |  20|          4|    1|          4|
    |layer_2_output_5_d0                        |  14|          3|   32|         96|
    |layer_2_output_5_we0                       |  14|          3|    1|          3|
    |layer_2_output_6_address0                  |  26|          5|   11|         55|
    |layer_2_output_6_address1                  |  14|          3|   11|         33|
    |layer_2_output_6_ce0                       |  20|          4|    1|          4|
    |layer_2_output_6_d0                        |  14|          3|   32|         96|
    |layer_2_output_6_we0                       |  14|          3|    1|          3|
    |layer_2_output_7_address0                  |  26|          5|   11|         55|
    |layer_2_output_7_address1                  |  14|          3|   11|         33|
    |layer_2_output_7_ce0                       |  20|          4|    1|          4|
    |layer_2_output_7_d0                        |  14|          3|   32|         96|
    |layer_2_output_7_we0                       |  14|          3|    1|          3|
    |layer_2_output_8_address0                  |  26|          5|   11|         55|
    |layer_2_output_8_address1                  |  14|          3|   11|         33|
    |layer_2_output_8_ce0                       |  20|          4|    1|          4|
    |layer_2_output_8_d0                        |  14|          3|   32|         96|
    |layer_2_output_8_we0                       |  14|          3|    1|          3|
    |layer_2_output_9_address0                  |  26|          5|   11|         55|
    |layer_2_output_9_address1                  |  14|          3|   11|         33|
    |layer_2_output_9_ce0                       |  20|          4|    1|          4|
    |layer_2_output_9_d0                        |  14|          3|   32|         96|
    |layer_2_output_9_we0                       |  14|          3|    1|          3|
    |layer_3_output_0_address0                  |  20|          4|   11|         44|
    |layer_3_output_0_ce0                       |  20|          4|    1|          4|
    |layer_3_output_0_d0                        |  14|          3|   32|         96|
    |layer_3_output_0_we0                       |  14|          3|    1|          3|
    |layer_3_output_1_address0                  |  20|          4|   11|         44|
    |layer_3_output_1_ce0                       |  20|          4|    1|          4|
    |layer_3_output_1_d0                        |  14|          3|   32|         96|
    |layer_3_output_1_we0                       |  14|          3|    1|          3|
    |layer_4_output_0_address0                  |  14|          3|   11|         33|
    |layer_4_output_0_ce0                       |  14|          3|    1|          3|
    |layer_4_output_0_d0                        |  14|          3|   32|         96|
    |layer_4_output_0_we0                       |  14|          3|    1|          3|
    |layer_4_output_1_address0                  |  14|          3|   11|         33|
    |layer_4_output_1_ce0                       |  14|          3|    1|          3|
    |layer_4_output_1_d0                        |  14|          3|   32|         96|
    |layer_4_output_1_we0                       |  14|          3|    1|          3|
    +-------------------------------------------+----+-----------+-----+-----------+
    |Total                                      |1659|        346| 1176|       3679|
    +-------------------------------------------+----+-----------+-----+-----------+

    * Register: 
    +-------------------------------------------+----+----+-----+-----------+
    |                    Name                   | FF | LUT| Bits| Const Bits|
    +-------------------------------------------+----+----+-----+-----------+
    |add_ln121_reg_2516                         |  12|   0|   12|          0|
    |add_ln124_reg_2542                         |   5|   0|    5|          0|
    |add_ln127_reg_2778                         |   6|   0|    6|          0|
    |add_ln136_5_reg_2708                       |  15|   0|   15|          0|
    |add_ln198_reg_2427                         |  10|   0|   10|          0|
    |ap_CS_fsm                                  |  16|   0|   16|          0|
    |ap_enable_reg_pp0_iter0                    |   1|   0|    1|          0|
    |ap_enable_reg_pp0_iter1                    |   1|   0|    1|          0|
    |ap_enable_reg_pp0_iter2                    |   1|   0|    1|          0|
    |ap_enable_reg_pp0_iter3                    |   1|   0|    1|          0|
    |ap_enable_reg_pp0_iter4                    |   1|   0|    1|          0|
    |ap_enable_reg_pp0_iter5                    |   1|   0|    1|          0|
    |ap_enable_reg_pp0_iter6                    |   1|   0|    1|          0|
    |ap_enable_reg_pp1_iter0                    |   1|   0|    1|          0|
    |ap_enable_reg_pp1_iter1                    |   1|   0|    1|          0|
    |ap_enable_reg_pp1_iter10                   |   1|   0|    1|          0|
    |ap_enable_reg_pp1_iter11                   |   1|   0|    1|          0|
    |ap_enable_reg_pp1_iter12                   |   1|   0|    1|          0|
    |ap_enable_reg_pp1_iter2                    |   1|   0|    1|          0|
    |ap_enable_reg_pp1_iter3                    |   1|   0|    1|          0|
    |ap_enable_reg_pp1_iter4                    |   1|   0|    1|          0|
    |ap_enable_reg_pp1_iter5                    |   1|   0|    1|          0|
    |ap_enable_reg_pp1_iter6                    |   1|   0|    1|          0|
    |ap_enable_reg_pp1_iter7                    |   1|   0|    1|          0|
    |ap_enable_reg_pp1_iter8                    |   1|   0|    1|          0|
    |ap_enable_reg_pp1_iter9                    |   1|   0|    1|          0|
    |ap_enable_reg_pp2_iter0                    |   1|   0|    1|          0|
    |ap_enable_reg_pp2_iter1                    |   1|   0|    1|          0|
    |ap_enable_reg_pp2_iter10                   |   1|   0|    1|          0|
    |ap_enable_reg_pp2_iter11                   |   1|   0|    1|          0|
    |ap_enable_reg_pp2_iter12                   |   1|   0|    1|          0|
    |ap_enable_reg_pp2_iter13                   |   1|   0|    1|          0|
    |ap_enable_reg_pp2_iter14                   |   1|   0|    1|          0|
    |ap_enable_reg_pp2_iter2                    |   1|   0|    1|          0|
    |ap_enable_reg_pp2_iter3                    |   1|   0|    1|          0|
    |ap_enable_reg_pp2_iter4                    |   1|   0|    1|          0|
    |ap_enable_reg_pp2_iter5                    |   1|   0|    1|          0|
    |ap_enable_reg_pp2_iter6                    |   1|   0|    1|          0|
    |ap_enable_reg_pp2_iter7                    |   1|   0|    1|          0|
    |ap_enable_reg_pp2_iter8                    |   1|   0|    1|          0|
    |ap_enable_reg_pp2_iter9                    |   1|   0|    1|          0|
    |ap_enable_reg_pp3_iter0                    |   1|   0|    1|          0|
    |ap_enable_reg_pp3_iter1                    |   1|   0|    1|          0|
    |conv12_i_reg_2476                          |  32|   0|   32|          0|
    |conv_reg_2441                              |  32|   0|   32|          0|
    |grp_conv2d_1_fu_801_ap_start_reg           |   1|   0|    1|          0|
    |grp_conv2d_fu_820_ap_start_reg             |   1|   0|    1|          0|
    |grp_set3DFloatArray_1_fu_852_ap_start_reg  |   1|   0|    1|          0|
    |grp_set3DFloatArray_2_fu_832_ap_start_reg  |   1|   0|    1|          0|
    |grp_set3DFloatArray_fu_846_ap_start_reg    |   1|   0|    1|          0|
    |i_1_reg_710                                |   5|   0|    5|          0|
    |i_2_reg_744                                |   5|   0|    5|          0|
    |i_3_reg_790                                |   3|   0|    3|          0|
    |i_reg_687                                  |  10|   0|   10|          0|
    |icmp_ln121_reg_2481                        |   1|   0|    1|          0|
    |icmp_ln124_reg_2485                        |   1|   0|    1|          0|
    |icmp_ln124_reg_2485_pp2_iter1_reg          |   1|   0|    1|          0|
    |icmp_ln127_mid260_reg_2536                 |   1|   0|    1|          0|
    |icmp_ln136_11_reg_2613                     |   1|   0|    1|          0|
    |icmp_ln136_12_reg_2618                     |   1|   0|    1|          0|
    |icmp_ln136_13_reg_2623                     |   1|   0|    1|          0|
    |icmp_ln136_14_reg_2628                     |   1|   0|    1|          0|
    |icmp_ln136_15_reg_2633                     |   1|   0|    1|          0|
    |icmp_ln136_16_reg_2638                     |   1|   0|    1|          0|
    |icmp_ln136_17_reg_2643                     |   1|   0|    1|          0|
    |icmp_ln136_18_reg_2648                     |   1|   0|    1|          0|
    |icmp_ln136_19_reg_2653                     |   1|   0|    1|          0|
    |icmp_ln136_1_reg_2568                      |   1|   0|    1|          0|
    |icmp_ln136_24_reg_2663                     |   1|   0|    1|          0|
    |icmp_ln136_25_reg_2668                     |   1|   0|    1|          0|
    |icmp_ln136_26_reg_2673                     |   1|   0|    1|          0|
    |icmp_ln136_27_reg_2678                     |   1|   0|    1|          0|
    |icmp_ln136_28_reg_2683                     |   1|   0|    1|          0|
    |icmp_ln136_29_reg_2688                     |   1|   0|    1|          0|
    |icmp_ln136_2_reg_2573                      |   1|   0|    1|          0|
    |icmp_ln136_30_reg_2693                     |   1|   0|    1|          0|
    |icmp_ln136_31_reg_2698                     |   1|   0|    1|          0|
    |icmp_ln136_32_reg_2703                     |   1|   0|    1|          0|
    |icmp_ln136_37_reg_2724                     |   1|   0|    1|          0|
    |icmp_ln136_38_reg_2729                     |   1|   0|    1|          0|
    |icmp_ln136_39_reg_2734                     |   1|   0|    1|          0|
    |icmp_ln136_3_reg_2578                      |   1|   0|    1|          0|
    |icmp_ln136_40_reg_2739                     |   1|   0|    1|          0|
    |icmp_ln136_41_reg_2744                     |   1|   0|    1|          0|
    |icmp_ln136_42_reg_2749                     |   1|   0|    1|          0|
    |icmp_ln136_43_reg_2754                     |   1|   0|    1|          0|
    |icmp_ln136_44_reg_2759                     |   1|   0|    1|          0|
    |icmp_ln136_45_reg_2764                     |   1|   0|    1|          0|
    |icmp_ln136_46_reg_3078                     |   1|   0|    1|          0|
    |icmp_ln136_47_reg_3083                     |   1|   0|    1|          0|
    |icmp_ln136_4_reg_2583                      |   1|   0|    1|          0|
    |icmp_ln136_5_reg_2588                      |   1|   0|    1|          0|
    |icmp_ln136_6_reg_2593                      |   1|   0|    1|          0|
    |icmp_ln136_7_reg_2598                      |   1|   0|    1|          0|
    |icmp_ln136_8_reg_2603                      |   1|   0|    1|          0|
    |icmp_ln136_reg_2563                        |   1|   0|    1|          0|
    |icmp_ln142_reg_2774                        |   1|   0|    1|          0|
    |icmp_ln198_reg_2432                        |   1|   0|    1|          0|
    |icmp_ln308_reg_3093                        |   1|   0|    1|          0|
    |icmp_ln31_reg_2451                         |   1|   0|    1|          0|
    |ii_1_mid223_reg_2531                       |   5|   0|    5|          0|
    |ii_1_reg_767                               |   5|   0|    5|          0|
    |ii_reg_721                                 |   5|   0|    5|          0|
    |iii_reg_779                                |   6|   0|    6|          0|
    |image_input_addr_1_reg_2460                |  10|   0|   10|          0|
    |image_input_load_reg_2471                  |  32|   0|   32|          0|
    |indvar_flatten10_reg_755                   |  10|   0|   10|          0|
    |indvar_flatten61_reg_732                   |  12|   0|   12|          0|
    |indvar_flatten_reg_699                     |  10|   0|   10|          0|
    |p_mid228_v_v_reg_2501                      |   4|   0|    4|          0|
    |p_mid228_v_v_v_reg_2496                    |   5|   0|    5|          0|
    |select_ln124_4_reg_2719                    |   5|   0|    5|          0|
    |select_ln124_5_reg_2526                    |  10|   0|   10|          0|
    |select_ln124_reg_2548                      |   6|   0|    6|          0|
    |select_ln136_12_reg_2864                   |  32|   0|   32|          0|
    |select_ln136_14_reg_2871                   |  32|   0|   32|          0|
    |select_ln136_1_reg_2985                    |  32|   0|   32|          0|
    |select_ln136_21_reg_2928                   |  32|   0|   32|          0|
    |select_ln136_2_reg_3025                    |  32|   0|   32|          0|
    |select_ln136_2_reg_3025_pp2_iter14_reg     |  32|   0|   32|          0|
    |select_ln136_30_reg_2992                   |  32|   0|   32|          0|
    |select_ln136_32_reg_3032                   |  32|   0|   32|          0|
    |select_ln136_39_reg_3072                   |  32|   0|   32|          0|
    |select_ln136_reg_2921                      |  32|   0|   32|          0|
    |single_pixel_reg_2436                      |  32|   0|   32|          0|
    |urem_ln136_2_reg_2876                      |  15|   0|   15|          0|
    |urem_ln136_3_reg_2916                      |  15|   0|   15|          0|
    |urem_ln136_3_reg_2916_pp2_iter12_reg       |  15|   0|   15|          0|
    |urem_ln142_reg_2783                        |  12|   0|   12|          0|
    |zext_ln136_10_reg_2999                     |  15|   0|   64|         49|
    |zext_ln136_6_reg_2838                      |  14|   0|   64|         50|
    |i_reg_687                                  |  64|  32|   10|          0|
    |icmp_ln121_reg_2481                        |  64|  32|    1|          0|
    |icmp_ln136_11_reg_2613                     |  64|  32|    1|          0|
    |icmp_ln136_12_reg_2618                     |  64|  32|    1|          0|
    |icmp_ln136_13_reg_2623                     |  64|  32|    1|          0|
    |icmp_ln136_14_reg_2628                     |  64|  32|    1|          0|
    |icmp_ln136_15_reg_2633                     |  64|  32|    1|          0|
    |icmp_ln136_16_reg_2638                     |  64|  32|    1|          0|
    |icmp_ln136_17_reg_2643                     |  64|  32|    1|          0|
    |icmp_ln136_18_reg_2648                     |  64|  32|    1|          0|
    |icmp_ln136_19_reg_2653                     |  64|  32|    1|          0|
    |icmp_ln136_1_reg_2568                      |  64|  32|    1|          0|
    |icmp_ln136_24_reg_2663                     |  64|  32|    1|          0|
    |icmp_ln136_25_reg_2668                     |  64|  32|    1|          0|
    |icmp_ln136_26_reg_2673                     |  64|  32|    1|          0|
    |icmp_ln136_27_reg_2678                     |  64|  32|    1|          0|
    |icmp_ln136_28_reg_2683                     |  64|  32|    1|          0|
    |icmp_ln136_29_reg_2688                     |  64|  32|    1|          0|
    |icmp_ln136_2_reg_2573                      |  64|  32|    1|          0|
    |icmp_ln136_30_reg_2693                     |  64|  32|    1|          0|
    |icmp_ln136_31_reg_2698                     |  64|  32|    1|          0|
    |icmp_ln136_32_reg_2703                     |  64|  32|    1|          0|
    |icmp_ln136_37_reg_2724                     |  64|  32|    1|          0|
    |icmp_ln136_38_reg_2729                     |  64|  32|    1|          0|
    |icmp_ln136_39_reg_2734                     |  64|  32|    1|          0|
    |icmp_ln136_3_reg_2578                      |  64|  32|    1|          0|
    |icmp_ln136_40_reg_2739                     |  64|  32|    1|          0|
    |icmp_ln136_41_reg_2744                     |  64|  32|    1|          0|
    |icmp_ln136_42_reg_2749                     |  64|  32|    1|          0|
    |icmp_ln136_43_reg_2754                     |  64|  32|    1|          0|
    |icmp_ln136_44_reg_2759                     |  64|  32|    1|          0|
    |icmp_ln136_45_reg_2764                     |  64|  32|    1|          0|
    |icmp_ln136_4_reg_2583                      |  64|  32|    1|          0|
    |icmp_ln136_5_reg_2588                      |  64|  32|    1|          0|
    |icmp_ln136_6_reg_2593                      |  64|  32|    1|          0|
    |icmp_ln136_7_reg_2598                      |  64|  32|    1|          0|
    |icmp_ln136_8_reg_2603                      |  64|  32|    1|          0|
    |icmp_ln136_reg_2563                        |  64|  32|    1|          0|
    |icmp_ln142_reg_2774                        |  64|  32|    1|          0|
    |icmp_ln198_reg_2432                        |  64|  32|    1|          0|
    |icmp_ln31_reg_2451                         |  64|  32|    1|          0|
    |image_input_addr_1_reg_2460                |  64|  32|   10|          0|
    |urem_ln142_reg_2783                        |  64|  32|   12|          0|
    +-------------------------------------------+----+----+-----+-----------+
    |Total                                      |3554|1376|  973|         99|
    +-------------------------------------------+----+----+-----+-----------+



================================================================
== Interface
================================================================
* Summary: 
+-----------------------+-----+-----+------------+----------------+--------------+
|       RTL Ports       | Dir | Bits|  Protocol  |  Source Object |    C Type    |
+-----------------------+-----+-----+------------+----------------+--------------+
|ap_clk                 |   in|    1|  ap_ctrl_hs|           infer|  return value|
|ap_rst                 |   in|    1|  ap_ctrl_hs|           infer|  return value|
|ap_start               |   in|    1|  ap_ctrl_hs|           infer|  return value|
|ap_done                |  out|    1|  ap_ctrl_hs|           infer|  return value|
|ap_idle                |  out|    1|  ap_ctrl_hs|           infer|  return value|
|ap_ready               |  out|    1|  ap_ctrl_hs|           infer|  return value|
|infer_input_V_dout     |   in|   32|     ap_fifo|   infer_input_V|       pointer|
|infer_input_V_empty_n  |   in|    1|     ap_fifo|   infer_input_V|       pointer|
|infer_input_V_read     |  out|    1|     ap_fifo|   infer_input_V|       pointer|
|infer_output_V_din     |  out|   32|     ap_fifo|  infer_output_V|       pointer|
|infer_output_V_full_n  |   in|    1|     ap_fifo|  infer_output_V|       pointer|
|infer_output_V_write   |  out|    1|     ap_fifo|  infer_output_V|       pointer|
+-----------------------+-----+-----+------------+----------------+--------------+

