

================================================================
== Vitis HLS Report for 'set3DFloatArray_1'
================================================================
* Date:           Fri Dec 22 04:15:33 2023

* Version:        2020.2 (Build 3064766 on Wed Nov 18 09:12:45 MST 2020)
* Project:        cnn
* Solution:       solution1 (Vivado IP Flow Target)
* Product family: zynquplus
* Target device:  xczu3eg-sbva484-1-e


================================================================
== Performance Estimates
================================================================
+ Timing: 
    * Summary: 
    +--------+----------+----------+------------+
    |  Clock |  Target  | Estimated| Uncertainty|
    +--------+----------+----------+------------+
    |ap_clk  |  10.00 ns|  3.761 ns|     2.70 ns|
    +--------+----------+----------+------------+

+ Latency: 
    * Summary: 
    +---------+---------+-----------+-----------+------+------+---------+
    |  Latency (cycles) |   Latency (absolute)  |   Interval  | Pipeline|
    |   min   |   max   |    min    |    max    |  min |  max |   Type  |
    +---------+---------+-----------+-----------+------+------+---------+
    |     3891|     3891|  38.910 us|  38.910 us|  3891|  3891|     none|
    +---------+---------+-----------+-----------+------+------+---------+

    + Detail: 
        * Instance: 
        N/A

        * Loop: 
        +--------------------------------------------------+---------+---------+----------+-----------+-----------+------+----------+
        |                                                  |  Latency (cycles) | Iteration|  Initiation Interval  | Trip |          |
        |                     Loop Name                    |   min   |   max   |  Latency |  achieved |   target  | Count| Pipelined|
        +--------------------------------------------------+---------+---------+----------+-----------+-----------+------+----------+
        |- VITIS_LOOP_8_1_VITIS_LOOP_10_2_VITIS_LOOP_12_3  |     3889|     3889|        19|          1|          1|  3872|       yes|
        +--------------------------------------------------+---------+---------+----------+-----------+-----------+------+----------+



================================================================
== Utilization Estimates
================================================================
* Summary: 
+-----------------+---------+-----+--------+-------+-----+
|       Name      | BRAM_18K| DSP |   FF   |  LUT  | URAM|
+-----------------+---------+-----+--------+-------+-----+
|DSP              |        -|    1|       -|      -|    -|
|Expression       |        -|    -|       0|    188|    -|
|FIFO             |        -|    -|       -|      -|    -|
|Instance         |        -|    -|     399|    281|    -|
|Memory           |        -|    -|       -|      -|    -|
|Multiplexer      |        -|    -|       -|     92|    -|
|Register         |        -|    -|     258|     96|    -|
+-----------------+---------+-----+--------+-------+-----+
|Total            |        0|    1|     657|    657|    0|
+-----------------+---------+-----+--------+-------+-----+
|Available        |      432|  360|  141120|  70560|    0|
+-----------------+---------+-----+--------+-------+-----+
|Utilization (%)  |        0|   ~0|      ~0|     ~0|    0|
+-----------------+---------+-----+--------+-------+-----+

+ Detail: 
    * Instance: 
    +----------------------------+------------------------+---------+----+-----+-----+-----+
    |          Instance          |         Module         | BRAM_18K| DSP|  FF | LUT | URAM|
    +----------------------------+------------------------+---------+----+-----+-----+-----+
    |urem_12ns_12ns_12_16_1_U42  |urem_12ns_12ns_12_16_1  |        0|   0|  399|  281|    0|
    +----------------------------+------------------------+---------+----+-----+-----+-----+
    |Total                       |                        |        0|   0|  399|  281|    0|
    +----------------------------+------------------------+---------+----+-----+-----+-----+

    * DSP: 
    +------------------------------------+--------------------------------+--------------+
    |              Instance              |             Module             |  Expression  |
    +------------------------------------+--------------------------------+--------------+
    |mac_muladd_4ns_10ns_6ns_12_4_1_U43  |mac_muladd_4ns_10ns_6ns_12_4_1  |  i0 + i1 * i2|
    +------------------------------------+--------------------------------+--------------+

    * Memory: 
    N/A

    * FIFO: 
    N/A

    * Expression: 
    +--------------------------+----------+----+---+----+------------+------------+
    |       Variable Name      | Operation| DSP| FF| LUT| Bitwidth P0| Bitwidth P1|
    +--------------------------+----------+----+---+----+------------+------------+
    |add_ln10_2_fu_183_p2      |         +|   0|  0|  17|          10|           1|
    |add_ln10_fu_259_p2        |         +|   0|  0|  12|           4|           1|
    |add_ln12_fu_231_p2        |         +|   0|  0|  13|           6|           1|
    |add_ln14_fu_291_p2        |         +|   0|  0|  19|          12|          12|
    |add_ln8_2_fu_165_p2       |         +|   0|  0|  12|           4|           1|
    |add_ln8_fu_147_p2         |         +|   0|  0|  19|          12|           1|
    |and_ln10_fu_208_p2        |       and|   0|  0|   2|           1|           1|
    |icmp_ln10_fu_159_p2       |      icmp|   0|  0|  11|          10|           9|
    |icmp_ln12_fu_202_p2       |      icmp|   0|  0|  10|           6|           7|
    |icmp_ln14_fu_302_p2       |      icmp|   0|  0|  12|          12|          11|
    |icmp_ln8_fu_153_p2        |      icmp|   0|  0|  12|          12|           9|
    |or_ln10_fu_214_p2         |        or|   0|  0|   2|           1|           1|
    |select_ln10_10_fu_273_p3  |    select|   0|  0|   8|           1|           9|
    |select_ln10_11_fu_284_p3  |    select|   0|  0|   4|           1|           4|
    |select_ln10_12_fu_189_p3  |    select|   0|  0|   9|           1|           1|
    |select_ln10_7_fu_171_p3   |    select|   0|  0|   4|           1|           4|
    |select_ln10_8_fu_252_p3   |    select|   0|  0|   8|           1|           1|
    |select_ln10_9_fu_219_p3   |    select|   0|  0|   6|           1|           1|
    |select_ln10_fu_245_p3     |    select|   0|  0|   4|           1|           1|
    |ap_enable_pp0             |       xor|   0|  0|   2|           1|           2|
    |xor_ln10_fu_197_p2        |       xor|   0|  0|   2|           1|           2|
    +--------------------------+----------+----+---+----+------------+------------+
    |Total                     |          |   0|  0| 188|          99|          80|
    +--------------------------+----------+----+---+----+------------+------------+

    * Multiplexer: 
    +----------------------------+----+-----------+-----+-----------+
    |            Name            | LUT| Input Size| Bits| Total Bits|
    +----------------------------+----+-----------+-----+-----------+
    |ap_NS_fsm                   |  20|          4|    1|          4|
    |ap_enable_reg_pp0_iter18    |   9|          2|    1|          2|
    |ap_enable_reg_pp0_iter4     |   9|          2|    1|          2|
    |ap_phi_mux_i_phi_fu_107_p4  |   9|          2|    4|          8|
    |i_reg_103                   |   9|          2|    4|          8|
    |ii_reg_136                  |   9|          2|    4|          8|
    |iii_reg_125                 |   9|          2|    6|         12|
    |indvar_flatten17_reg_92     |   9|          2|   12|         24|
    |indvar_flatten_reg_114      |   9|          2|   10|         20|
    +----------------------------+----+-----------+-----+-----------+
    |Total                       |  92|         20|   43|         88|
    +----------------------------+----+-----------+-----+-----------+

    * Register: 
    +--------------------------+----+----+-----+-----------+
    |           Name           | FF | LUT| Bits| Const Bits|
    +--------------------------+----+----+-----+-----------+
    |and_ln10_reg_355          |   1|   0|    1|          0|
    |ap_CS_fsm                 |   3|   0|    3|          0|
    |ap_enable_reg_pp0_iter0   |   1|   0|    1|          0|
    |ap_enable_reg_pp0_iter1   |   1|   0|    1|          0|
    |ap_enable_reg_pp0_iter10  |   1|   0|    1|          0|
    |ap_enable_reg_pp0_iter11  |   1|   0|    1|          0|
    |ap_enable_reg_pp0_iter12  |   1|   0|    1|          0|
    |ap_enable_reg_pp0_iter13  |   1|   0|    1|          0|
    |ap_enable_reg_pp0_iter14  |   1|   0|    1|          0|
    |ap_enable_reg_pp0_iter15  |   1|   0|    1|          0|
    |ap_enable_reg_pp0_iter16  |   1|   0|    1|          0|
    |ap_enable_reg_pp0_iter17  |   1|   0|    1|          0|
    |ap_enable_reg_pp0_iter18  |   1|   0|    1|          0|
    |ap_enable_reg_pp0_iter2   |   1|   0|    1|          0|
    |ap_enable_reg_pp0_iter3   |   1|   0|    1|          0|
    |ap_enable_reg_pp0_iter4   |   1|   0|    1|          0|
    |ap_enable_reg_pp0_iter5   |   1|   0|    1|          0|
    |ap_enable_reg_pp0_iter6   |   1|   0|    1|          0|
    |ap_enable_reg_pp0_iter7   |   1|   0|    1|          0|
    |ap_enable_reg_pp0_iter8   |   1|   0|    1|          0|
    |ap_enable_reg_pp0_iter9   |   1|   0|    1|          0|
    |i_reg_103                 |   4|   0|    4|          0|
    |icmp_ln10_reg_332         |   1|   0|    1|          0|
    |icmp_ln14_reg_381         |   1|   0|    1|          0|
    |icmp_ln8_reg_328          |   1|   0|    1|          0|
    |ii_reg_136                |   4|   0|    4|          0|
    |iii_reg_125               |   6|   0|    6|          0|
    |indvar_flatten17_reg_92   |  12|   0|   12|          0|
    |indvar_flatten_reg_114    |  10|   0|   10|          0|
    |select_ln10_7_reg_340     |   4|   0|    4|          0|
    |icmp_ln10_reg_332         |  64|  32|    1|          0|
    |icmp_ln14_reg_381         |  64|  32|    1|          0|
    |icmp_ln8_reg_328          |  64|  32|    1|          0|
    +--------------------------+----+----+-----+-----------+
    |Total                     | 258|  96|   69|          0|
    +--------------------------+----+----+-----+-----------+



================================================================
== Interface
================================================================
* Summary: 
+------------------+-----+-----+------------+-------------------+--------------+
|     RTL Ports    | Dir | Bits|  Protocol  |   Source Object   |    C Type    |
+------------------+-----+-----+------------+-------------------+--------------+
|ap_clk            |   in|    1|  ap_ctrl_hs|  set3DFloatArray.1|  return value|
|ap_rst            |   in|    1|  ap_ctrl_hs|  set3DFloatArray.1|  return value|
|ap_start          |   in|    1|  ap_ctrl_hs|  set3DFloatArray.1|  return value|
|ap_done           |  out|    1|  ap_ctrl_hs|  set3DFloatArray.1|  return value|
|ap_idle           |  out|    1|  ap_ctrl_hs|  set3DFloatArray.1|  return value|
|ap_ready          |  out|    1|  ap_ctrl_hs|  set3DFloatArray.1|  return value|
|array_r_address0  |  out|   11|   ap_memory|            array_r|         array|
|array_r_ce0       |  out|    1|   ap_memory|            array_r|         array|
|array_r_we0       |  out|    1|   ap_memory|            array_r|         array|
|array_r_d0        |  out|   32|   ap_memory|            array_r|         array|
|array1_address0   |  out|   11|   ap_memory|             array1|         array|
|array1_ce0        |  out|    1|   ap_memory|             array1|         array|
|array1_we0        |  out|    1|   ap_memory|             array1|         array|
|array1_d0         |  out|   32|   ap_memory|             array1|         array|
+------------------+-----+-----+------------+-------------------+--------------+

